Component: ARM Compiler 6.16 Tool: armlink [5dfeaa00]

==============================================================================

Loading Objects.

Loading object BUILD/LPC1768/ARMC6/main.o.
Adding cpp init reference.              reference :  __cpp_initialize__aeabi_
              weak defn :  mbed::DigitalOut::read()
              weak defn :  mbed::DigitalOut::write(int)
              weak defn :  mbed::DigitalOut::DigitalOut__sub_object(PinName)
              weak defn :  mbed::DigitalOut::operator=(int)
              weak defn :  mbed::DigitalOut::operator int()
              reference :  __2printf
              definition:  __ARM_use_no_argv
              reference :  _printf_d
              reference :  _printf_int_dec
              reference :  _printf_percent
              reference :  gpio_init_out
              definition:  led1
              definition:  main
              reference :  mbed_assert_internal
              reference :  thread_sleep_for
Loading object BUILD/LPC1768/ARMC6/mbed-os/cmsis/CMSIS_5/CMSIS/TARGET_CORTEX_M/Source/mbed_tz_context.o.
Loading object BUILD/LPC1768/ARMC6/mbed-os/drivers/source/AnalogIn.o.
              weak defn :  rtos::Mutex* core_util_atomic_load<rtos::Mutex>(rtos::Mutex* const*)
              weak defn :  void core_util_atomic_store<rtos::Mutex>(rtos::Mutex**, rtos::Mutex*)
              definition:  mbed::AnalogIn::read_voltage()
              definition:  mbed::AnalogIn::set_reference_voltage(float)
              weak defn :  mbed::AnalogIn::lock()
              definition:  mbed::AnalogIn::read()
              definition:  mbed::AnalogIn::_mutex
              weak defn :  mbed::AnalogIn::unlock()
              definition:  mbed::AnalogIn::read_u16()
              definition:  mbed::AnalogIn::AnalogIn(PinName, float)
              definition:  mbed::AnalogIn::AnalogIn(PinMap const&, float)
              definition:  mbed::AnalogIn::AnalogIn__sub_object(PinName, float)
              definition:  mbed::AnalogIn::AnalogIn__sub_object(PinMap const&, float)
              weak defn :  mbed::AnalogIn::~AnalogIn__deallocating()
              weak defn :  mbed::AnalogIn::~AnalogIn__sub_object()
              weak defn :  rtos::Mutex::lock()
              weak defn :  rtos::Mutex::unlock()
              weak defn :  rtos::Mutex::Mutex__sub_object()
              weak defn :  SingletonPtr<rtos::Mutex>::get() const
              weak defn :  SingletonPtr<rtos::Mutex>::operator->() const
              definition:  mbed::AnalogIn::get_reference_voltage() const
              weak defn :  vtable for mbed::AnalogIn
              reference :  operator delete(void*)
              reference :  __aeabi_fmul
              reference :  analogin_free
              reference :  analogin_init
              reference :  analogin_init_direct
              reference :  analogin_read
              reference :  analogin_read_u16
              reference :  mbed_assert_internal
Loading object BUILD/LPC1768/ARMC6/mbed-os/drivers/source/AnalogOut.o.
              definition:  mbed::AnalogOut::read()
              definition:  mbed::AnalogOut::write(float)
              definition:  mbed::AnalogOut::write_u16(unsigned short)
              reference :  analogout_read
              reference :  analogout_write
              reference :  analogout_write_u16
Loading object BUILD/LPC1768/ARMC6/mbed-os/drivers/source/BufferedSerial.o.
              reference :  mbed::FileHandle::size()
              weak defn :  mbed::FileHandle::tell()
              weak defn :  mbed::FileHandle::rewind()
              weak defn :  mbed::FileHandle::truncate(long)
              weak defn :  mbed::FileHandle::FileHandle__sub_object()
              weak defn :  mbed::FileHandle::~FileHandle__sub_object()
              reference :  mbed::SerialBase::_base_getc()
              reference :  mbed::SerialBase::_base_putc(int)
              reference :  mbed::SerialBase::enable_input(bool)
              reference :  mbed::SerialBase::enable_output(bool)
              reference :  mbed::SerialBase::set_flow_control(mbed::SerialBase::Flow, PinName, PinName)
              reference :  mbed::SerialBase::baud(int)
              reference :  mbed::SerialBase::lock()
              reference :  mbed::SerialBase::attach(mbed::Callback<void ()>, mbed::SerialBase::IrqType)
              reference :  mbed::SerialBase::format(int, mbed::SerialBase::Parity, int)
              reference :  mbed::SerialBase::unlock()
              reference :  mbed::SerialBase::readable()
              reference :  mbed::SerialBase::writeable()
              reference :  mbed::SerialBase::SerialBase__sub_object(PinName, PinName, int)
              reference :  mbed::SerialBase::SerialBase__sub_object(serial_pinmap_t const&, int)
              reference :  mbed::SerialBase::~SerialBase__sub_object()
[...]
              reference :  free
              reference :  malloc
              reference :  posix_memalign
Loading member c:\Users\14065\AppData\Local\Mbed Studio\mbed-studio-tools\ac6\bin\..\lib\libcxx\libcppabi_w.l(cxa_virtual.cpp.o) from c:\Users\14065\AppData\Local\Mbed Studio\mbed-studio-tools\ac6\bin\..\lib\libcxx\libcppabi_w.l.
              definition:  __cxa_deleted_virtual
              definition:  __cxa_pure_virtual
              reference :  abort_message
Loading member c:\Users\14065\AppData\Local\Mbed Studio\mbed-studio-tools\ac6\bin\..\lib\armlib\m_ws.l(floorf.o) from c:\Users\14065\AppData\Local\Mbed Studio\mbed-studio-tools\ac6\bin\..\lib\armlib\m_ws.l.
              definition:  __softfp_floorf
              definition:  floorf
              reference :  __I$use$fp
              reference :  __aeabi_fadd
Loading member c:\Users\14065\AppData\Local\Mbed Studio\mbed-studio-tools\ac6\bin\..\lib\armlib\mc_w.l(entry.o) from c:\Users\14065\AppData\Local\Mbed Studio\mbed-studio-tools\ac6\bin\..\lib\armlib\mc_w.l.
              definition:  __main
              reference :  __rt_final_cpp
              reference :  __rt_final_exit
              reference :  _main_clock
              reference :  _main_cpp_init
              reference :  _main_init
              reference :  _main_scatterload
              reference :  _main_stk
Loading member c:\Users\14065\AppData\Local\Mbed Studio\mbed-studio-tools\ac6\bin\..\lib\armlib\mc_w.l(entry6a.o) from c:\Users\14065\AppData\Local\Mbed Studio\mbed-studio-tools\ac6\bin\..\lib\armlib\mc_w.l.
              definition:  __use_full_stdio
Loading member c:\Users\14065\AppData\Local\Mbed Studio\mbed-studio-tools\ac6\bin\..\lib\armlib\mc_w.l(entry6b.o) from c:\Users\14065\AppData\Local\Mbed Studio\mbed-studio-tools\ac6\bin\..\lib\armlib\mc_w.l.
              definition:  __use_full_stdio$initio
              definition:  __main_after_initio
              weak ref  :  _initio
Loading member c:\Users\14065\AppData\Local\Mbed Studio\mbed-studio-tools\ac6\bin\..\lib\armlib\mc_w.l(dc.o) from c:\Users\14065\AppData\Local\Mbed Studio\mbed-studio-tools\ac6\bin\..\lib\armlib\mc_w.l.
              definition:  __decompress_flags
              definition:  __decompress_sizes
Loading member c:\Users\14065\AppData\Local\Mbed Studio\mbed-studio-tools\ac6\bin\..\lib\armlib\mc_w.l(puts.o) from c:\Users\14065\AppData\Local\Mbed Studio\mbed-studio-tools\ac6\bin\..\lib\armlib\mc_w.l.
              definition:  puts
              reference :  __stdout
              reference :  fputc
Loading member c:\Users\14065\AppData\Local\Mbed Studio\mbed-studio-tools\ac6\bin\..\lib\armlib\mc_w.l(fputc.o) from c:\Users\14065\AppData\Local\Mbed Studio\mbed-studio-tools\ac6\bin\..\lib\armlib\mc_w.l.
              definition:  fputc
              reference :  __I$use$semihosting$fputc
              reference :  __semihosting_library_function
Loading member c:\Users\14065\AppData\Local\Mbed Studio\mbed-studio-tools\ac6\bin\..\lib\armlib\mc_w.l(fflush_f.o) from c:\Users\14065\AppData\Local\Mbed Studio\mbed-studio-tools\ac6\bin\..\lib\armlib\mc_w.l.
              definition:  _fflush$full
              reference :  _sys_seek
Loading member c:\Users\14065\AppData\Local\Mbed Studio\mbed-studio-tools\ac6\bin\..\lib\armlib\mc_w.l(fputc_h.o) from c:\Users\14065\AppData\Local\Mbed Studio\mbed-studio-tools\ac6\bin\..\lib\armlib\mc_w.l.
              definition:  _fputc$hlt
              reference :  __I$use$semihosting$fputc
              reference :  __semihosting_library_function
Loading member c:\Users\14065\AppData\Local\Mbed Studio\mbed-studio-tools\ac6\bin\..\lib\armlib\mc_w.l(initio_oe.o) from c:\Users\14065\AppData\Local\Mbed Studio\mbed-studio-tools\ac6\bin\..\lib\armlib\mc_w.l.
              definition:  _initio$stdout$stderr
              reference :  __main_after_initio
              reference :  __stderr
              reference :  __stdout
              reference :  _sys_open
Loading member c:\Users\14065\AppData\Local\Mbed Studio\mbed-studio-tools\ac6\bin\..\lib\armlib\mc_w.l(puts_e.o) from c:\Users\14065\AppData\Local\Mbed Studio\mbed-studio-tools\ac6\bin\..\lib\armlib\mc_w.l.
              definition:  _puts$fputc_errors
              reference :  __stdout
              reference :  fputc
Loading member c:\Users\14065\AppData\Local\Mbed Studio\mbed-studio-tools\ac6\bin\..\lib\armlib\mc_w.l(fputc_f.o) from c:\Users\14065\AppData\Local\Mbed Studio\mbed-studio-tools\ac6\bin\..\lib\armlib\mc_w.l.
              definition:  _fputc$full
              reference :  _sys_write
Loading member c:\Users\14065\AppData\Local\Mbed Studio\mbed-studio-tools\ac6\bin\..\lib\armlib\mc_w.l(fputc_fp.o) from c:\Users\14065\AppData\Local\Mbed Studio\mbed-studio-tools\ac6\bin\..\lib\armlib\mc_w.l.
              definition:  _fputc$full$pos
              reference :  _sys_write
Loading member c:\Users\14065\AppData\Local\Mbed Studio\mbed-studio-tools\ac6\bin\..\lib\armlib\mc_w.l(fflush.o) from c:\Users\14065\AppData\Local\Mbed Studio\mbed-studio-tools\ac6\bin\..\lib\armlib\mc_w.l.
              definition:  fflush
Loading member c:\Users\14065\AppData\Local\Mbed Studio\mbed-studio-tools\ac6\bin\..\lib\armlib\mc_w.l(setbuf.o) from c:\Users\14065\AppData\Local\Mbed Studio\mbed-studio-tools\ac6\bin\..\lib\armlib\mc_w.l.
              definition:  setbuf
Loading member c:\Users\14065\AppData\Local\Mbed Studio\mbed-studio-tools\ac6\bin\..\lib\armlib\mc_w.l(stdout.o) from c:\Users\14065\AppData\Local\Mbed Studio\mbed-studio-tools\ac6\bin\..\lib\armlib\mc_w.l.
              definition:  __stdout
Loading member c:\Users\14065\AppData\Local\Mbed Studio\mbed-studio-tools\ac6\bin\..\lib\armlib\mc_w.l(stderr.o) from c:\Users\14065\AppData\Local\Mbed Studio\mbed-studio-tools\ac6\bin\..\lib\armlib\mc_w.l.
              definition:  __stderr
Loading member c:\Users\14065\AppData\Local\Mbed Studio\mbed-studio-tools\ac6\bin\..\lib\armlib\mc_w.l(stdout_f.o) from c:\Users\14065\AppData\Local\Mbed Studio\mbed-studio-tools\ac6\bin\..\lib\armlib\mc_w.l.
              definition:  ___stdout$full
              reference :  _initio
Loading member c:\Users\14065\AppData\Local\Mbed Studio\mbed-studio-tools\ac6\bin\..\lib\armlib\mc_w.l(stderr_f.o) from c:\Users\14065\AppData\Local\Mbed Studio\mbed-studio-tools\ac6\bin\..\lib\armlib\mc_w.l.
              definition:  ___stderr$full
              reference :  _initio
Loading member c:\Users\14065\AppData\Local\Mbed Studio\mbed-studio-tools\ac6\bin\..\lib\armlib\mc_w.l(uldiv.o) from c:\Users\14065\AppData\Local\Mbed Studio\mbed-studio-tools\ac6\bin\..\lib\armlib\mc_w.l.
              definition:  __aeabi_uldivmod
              reference :  __aeabi_llsl
              reference :  __aeabi_llsr
Loading member c:\Users\14065\AppData\Local\Mbed Studio\mbed-studio-tools\ac6\bin\..\lib\armlib\mc_w.l(ldiv.o) from c:\Users\14065\AppData\Local\Mbed Studio\mbed-studio-tools\ac6\bin\..\lib\armlib\mc_w.l.
              definition:  __aeabi_ldivmod
              reference :  __aeabi_uldivmod
Loading member c:\Users\14065\AppData\Local\Mbed Studio\mbed-studio-tools\ac6\bin\..\lib\armlib\mc_w.l(memcpya.o) from c:\Users\14065\AppData\Local\Mbed Studio\mbed-studio-tools\ac6\bin\..\lib\armlib\mc_w.l.
              definition:  __aeabi_memcpy
              definition:  __aeabi_memcpy4
              definition:  __aeabi_memcpy8
Loading member c:\Users\14065\AppData\Local\Mbed Studio\mbed-studio-tools\ac6\bin\..\lib\armlib\mc_w.l(memseta.o) from c:\Users\14065\AppData\Local\Mbed Studio\mbed-studio-tools\ac6\bin\..\lib\armlib\mc_w.l.
              definition:  __aeabi_memset
              definition:  __aeabi_memset4
              definition:  __aeabi_memset8
              definition:  __aeabi_memclr
              definition:  __aeabi_memclr4
              definition:  __aeabi_memclr8
              definition:  _memset$wrapper
Loading member c:\Users\14065\AppData\Local\Mbed Studio\mbed-studio-tools\ac6\bin\..\lib\armlib\mc_w.l(strstr.o) from c:\Users\14065\AppData\Local\Mbed Studio\mbed-studio-tools\ac6\bin\..\lib\armlib\mc_w.l.
              definition:  strstr
Loading member c:\Users\14065\AppData\Local\Mbed Studio\mbed-studio-tools\ac6\bin\..\lib\armlib\mc_w.l(strncpy.o) from c:\Users\14065\AppData\Local\Mbed Studio\mbed-studio-tools\ac6\bin\..\lib\armlib\mc_w.l.
              definition:  strncpy
Loading member c:\Users\14065\AppData\Local\Mbed Studio\mbed-studio-tools\ac6\bin\..\lib\armlib\mc_w.l(strlen.o) from c:\Users\14065\AppData\Local\Mbed Studio\mbed-studio-tools\ac6\bin\..\lib\armlib\mc_w.l.
              definition:  strlen
Loading member c:\Users\14065\AppData\Local\Mbed Studio\mbed-studio-tools\ac6\bin\..\lib\armlib\mc_w.l(strcmp.o) from c:\Users\14065\AppData\Local\Mbed Studio\mbed-studio-tools\ac6\bin\..\lib\armlib\mc_w.l.
              definition:  strcmp
Loading member c:\Users\14065\AppData\Local\Mbed Studio\mbed-studio-tools\ac6\bin\..\lib\armlib\mc_w.l(memcmp.o) from c:\Users\14065\AppData\Local\Mbed Studio\mbed-studio-tools\ac6\bin\..\lib\armlib\mc_w.l.
              definition:  memcmp
Loading member c:\Users\14065\AppData\Local\Mbed Studio\mbed-studio-tools\ac6\bin\..\lib\armlib\mc_w.l(strspn.o) from c:\Users\14065\AppData\Local\Mbed Studio\mbed-studio-tools\ac6\bin\..\lib\armlib\mc_w.l.
              definition:  strspn
Loading member c:\Users\14065\AppData\Local\Mbed Studio\mbed-studio-tools\ac6\bin\..\lib\armlib\mc_w.l(memcpyb.o) from c:\Users\14065\AppData\Local\Mbed Studio\mbed-studio-tools\ac6\bin\..\lib\armlib\mc_w.l.
              definition:  ___aeabi_memcpy$small
              definition:  ___aeabi_memcpy4$small
              definition:  ___aeabi_memcpy8$small
Loading member c:\Users\14065\AppData\Local\Mbed Studio\mbed-studio-tools\ac6\bin\..\lib\armlib\mc_w.l(printfstubs.o) from c:\Users\14065\AppData\Local\Mbed Studio\mbed-studio-tools\ac6\bin\..\lib\armlib\mc_w.l.
              definition:  _printf_a
              definition:  _printf_c
              definition:  _printf_charcount
              definition:  _printf_d
              definition:  _printf_e
              definition:  _printf_f
              definition:  _printf_flags
              definition:  _printf_fp_dec
              definition:  _printf_fp_hex
              definition:  _printf_g
              definition:  _printf_i
              definition:  _printf_int_dec
              definition:  _printf_l
              definition:  _printf_lc
              definition:  _printf_ll
              definition:  _printf_lld
              definition:  _printf_lli
              definition:  _printf_llo
              definition:  _printf_llu
              definition:  _printf_llx
              definition:  _printf_longlong_dec
              definition:  _printf_longlong_hex
              definition:  _printf_longlong_oct
              definition:  _printf_ls
              definition:  _printf_mbtowc
              definition:  _printf_n
              definition:  _printf_o
              definition:  _printf_p
              definition:  _printf_percent
              definition:  _printf_pre_padding
              definition:  _printf_return_value
              definition:  _printf_s
              definition:  _printf_sizespec
              definition:  _printf_str
              definition:  _printf_truncate_signed
              definition:  _printf_truncate_unsigned
              definition:  _printf_u
              definition:  _printf_wc
              definition:  _printf_wctomb
              definition:  _printf_widthprec
              definition:  _printf_x
Loading member c:\Users\14065\AppData\Local\Mbed Studio\mbed-studio-tools\ac6\bin\..\lib\armlib\mc_w.l(malloc2.o) from c:\Users\14065\AppData\Local\Mbed Studio\mbed-studio-tools\ac6\bin\..\lib\armlib\mc_w.l.
              definition:  __free$2region
              definition:  __malloc$2region
              reference :  Image$$ARM_LIB_HEAP$$ZI$$Base
              reference :  Image$$ARM_LIB_HEAP$$ZI$$Limit
              reference :  __microlib_freelist
              reference :  __microlib_freelist_initialised
Loading member c:\Users\14065\AppData\Local\Mbed Studio\mbed-studio-tools\ac6\bin\..\lib\armlib\mc_w.l(mallocr2.o) from c:\Users\14065\AppData\Local\Mbed Studio\mbed-studio-tools\ac6\bin\..\lib\armlib\mc_w.l.
              definition:  __free$realloc$2region
              definition:  __malloc$realloc$2region
              definition:  __realloc$2region
              reference :  Image$$ARM_LIB_HEAP$$ZI$$Base
              reference :  Image$$ARM_LIB_HEAP$$ZI$$Limit
              reference :  __aeabi_memcpy
              reference :  __microlib_freelist
              reference :  __microlib_freelist_initialised
Loading member c:\Users\14065\AppData\Local\Mbed Studio\mbed-studio-tools\ac6\bin\..\lib\armlib\mc_w.l(malloca2.o) from c:\Users\14065\AppData\Local\Mbed Studio\mbed-studio-tools\ac6\bin\..\lib\armlib\mc_w.l.
              definition:  __aligned_malloc$2region
              definition:  __free$memalign$2region
              definition:  __malloc$memalign$2region
              reference :  Image$$ARM_LIB_HEAP$$ZI$$Base
              reference :  Image$$ARM_LIB_HEAP$$ZI$$Limit
              reference :  __microlib_freelist
              reference :  __microlib_freelist_initialised
Loading member c:\Users\14065\AppData\Local\Mbed Studio\mbed-studio-tools\ac6\bin\..\lib\armlib\mc_w.l(mallocra2.o) from c:\Users\14065\AppData\Local\Mbed Studio\mbed-studio-tools\ac6\bin\..\lib\armlib\mc_w.l.
              definition:  __aligned_malloc$realloc$2region
              definition:  __free$realloc$memalign$2region
              definition:  __malloc$realloc$memalign$2region
              definition:  __realloc$memalign$2region
              reference :  Image$$ARM_LIB_HEAP$$ZI$$Base
              reference :  Image$$ARM_LIB_HEAP$$ZI$$Limit
              reference :  __aeabi_memcpy
              reference :  __microlib_freelist
              reference :  __microlib_freelist_initialised
Loading member c:\Users\14065\AppData\Local\Mbed Studio\mbed-studio-tools\ac6\bin\..\lib\armlib\mc_w.l(errno.o) from c:\Users\14065\AppData\Local\Mbed Studio\mbed-studio-tools\ac6\bin\..\lib\armlib\mc_w.l.
              definition:  __aeabi_errno_addr
              definition:  __rt_errno_addr
              definition:  __read_errno
              definition:  __set_errno
Loading member c:\Users\14065\AppData\Local\Mbed Studio\mbed-studio-tools\ac6\bin\..\lib\armlib\mc_w.l(vsscanf.o) from c:\Users\14065\AppData\Local\Mbed Studio\mbed-studio-tools\ac6\bin\..\lib\armlib\mc_w.l.
              definition:  vsscanf
              reference :  __vfscanf_char
              reference :  _sbackspace
              reference :  _scanf_int
              reference :  _scanf_longlong
              reference :  _scanf_real
              reference :  _scanf_string
              reference :  _sgetc
Loading member c:\Users\14065\AppData\Local\Mbed Studio\mbed-studio-tools\ac6\bin\..\lib\armlib\mc_w.l(__0sscanf.o) from c:\Users\14065\AppData\Local\Mbed Studio\mbed-studio-tools\ac6\bin\..\lib\armlib\mc_w.l.
              definition:  __0sscanf
              reference :  __vfscanf_char
              reference :  _sbackspace
              reference :  _sgetc
Loading member c:\Users\14065\AppData\Local\Mbed Studio\mbed-studio-tools\ac6\bin\..\lib\armlib\mc_w.l(_scanf_int.o) from c:\Users\14065\AppData\Local\Mbed Studio\mbed-studio-tools\ac6\bin\..\lib\armlib\mc_w.l.
              definition:  _scanf_int
              reference :  _chval
Loading member c:\Users\14065\AppData\Local\Mbed Studio\mbed-studio-tools\ac6\bin\..\lib\armlib\mc_w.l(cpp_init.o) from c:\Users\14065\AppData\Local\Mbed Studio\mbed-studio-tools\ac6\bin\..\lib\armlib\mc_w.l.
              definition:  __cpp_initialize_dummy_init_array
              definition:  __cpp_initialize__aeabi_
              reference :  SHT$$INIT_ARRAY$$Base
              reference :  SHT$$INIT_ARRAY$$Limit
              reference :  __ARM_resolve_target1
              reference :  _main_cpp_init$empty
Loading member c:\Users\14065\AppData\Local\Mbed Studio\mbed-studio-tools\ac6\bin\..\lib\armlib\mf_w.l(fadd.o) from c:\Users\14065\AppData\Local\Mbed Studio\mbed-studio-tools\ac6\bin\..\lib\armlib\mf_w.l.
              definition:  __aeabi_fadd
              definition:  __aeabi_fsub
              definition:  __aeabi_frsub
              reference :  __I$use$fp
              reference :  _float_epilogue
              reference :  _float_round
Loading member c:\Users\14065\AppData\Local\Mbed Studio\mbed-studio-tools\ac6\bin\..\lib\armlib\mf_w.l(fmul.o) from c:\Users\14065\AppData\Local\Mbed Studio\mbed-studio-tools\ac6\bin\..\lib\armlib\mf_w.l.
              definition:  __aeabi_fmul
              reference :  __I$use$fp
Loading member c:\Users\14065\AppData\Local\Mbed Studio\mbed-studio-tools\ac6\bin\..\lib\armlib\mf_w.l(fdiv.o) from c:\Users\14065\AppData\Local\Mbed Studio\mbed-studio-tools\ac6\bin\..\lib\armlib\mf_w.l.
              definition:  __aeabi_fdiv
              reference :  __I$use$fp
              reference :  _float_round
Loading member c:\Users\14065\AppData\Local\Mbed Studio\mbed-studio-tools\ac6\bin\..\lib\armlib\mf_w.l(fcmple.o) from c:\Users\14065\AppData\Local\Mbed Studio\mbed-studio-tools\ac6\bin\..\lib\armlib\mf_w.l.
              definition:  __aeabi_fcmple
              reference :  __I$use$fp
Loading member c:\Users\14065\AppData\Local\Mbed Studio\mbed-studio-tools\ac6\bin\..\lib\armlib\mf_w.l(fcmplt.o) from c:\Users\14065\AppData\Local\Mbed Studio\mbed-studio-tools\ac6\bin\..\lib\armlib\mf_w.l.
              definition:  __aeabi_fcmplt
              reference :  __I$use$fp
Loading member c:\Users\14065\AppData\Local\Mbed Studio\mbed-studio-tools\ac6\bin\..\lib\armlib\mf_w.l(fcmpgt.o) from c:\Users\14065\AppData\Local\Mbed Studio\mbed-studio-tools\ac6\bin\..\lib\armlib\mf_w.l.
              definition:  __aeabi_fcmpgt
              reference :  __I$use$fp
Loading member c:\Users\14065\AppData\Local\Mbed Studio\mbed-studio-tools\ac6\bin\..\lib\armlib\mf_w.l(fflti.o) from c:\Users\14065\AppData\Local\Mbed Studio\mbed-studio-tools\ac6\bin\..\lib\armlib\mf_w.l.
              definition:  __aeabi_i2f
              reference :  __I$use$fp
              reference :  _float_epilogue
Loading member c:\Users\14065\AppData\Local\Mbed Studio\mbed-studio-tools\ac6\bin\..\lib\armlib\mf_w.l(ffltui.o) from c:\Users\14065\AppData\Local\Mbed Studio\mbed-studio-tools\ac6\bin\..\lib\armlib\mf_w.l.
              definition:  __aeabi_ui2f
              reference :  __I$use$fp
              reference :  _float_epilogue
Loading member c:\Users\14065\AppData\Local\Mbed Studio\mbed-studio-tools\ac6\bin\..\lib\armlib\mf_w.l(ffltl.o) from c:\Users\14065\AppData\Local\Mbed Studio\mbed-studio-tools\ac6\bin\..\lib\armlib\mf_w.l.
              definition:  __aeabi_l2f
              reference :  __I$use$fp
              reference :  _float_epilogue
Loading member c:\Users\14065\AppData\Local\Mbed Studio\mbed-studio-tools\ac6\bin\..\lib\armlib\mf_w.l(ffixi.o) from c:\Users\14065\AppData\Local\Mbed Studio\mbed-studio-tools\ac6\bin\..\lib\armlib\mf_w.l.
              definition:  __aeabi_f2iz
              reference :  __I$use$fp
Loading member c:\Users\14065\AppData\Local\Mbed Studio\mbed-studio-tools\ac6\bin\..\lib\armlib\mf_w.l(ffixui.o) from c:\Users\14065\AppData\Local\Mbed Studio\mbed-studio-tools\ac6\bin\..\lib\armlib\mf_w.l.
              definition:  __aeabi_f2uiz
              reference :  __I$use$fp
Running selection script in mc_w.l to resolve __aeabi_memcpy.
Running selection script in mc_w.l to resolve __aeabi_uldivmod.
Running selection script in mc_w.l to resolve free.
Running selection script in mc_w.l to resolve malloc.
Running selection script in mc_w.l to resolve __stderr.
Running selection script in mc_w.l to resolve __stdout.
Running selection script in mc_w.l to resolve fputc.
Selecting member cxa_handlers.cpp.o(c:\Users\14065\AppData\Local\Mbed Studio\mbed-studio-tools\ac6\bin\..\lib\libcxx\libcppabi_w.l) to define std::get_new_handler().
Selecting member abort.o(c:\Users\14065\AppData\Local\Mbed Studio\mbed-studio-tools\ac6\bin\..\lib\armlib\mc_w.l) to define abort.
Selecting member memalign.o(c:\Users\14065\AppData\Local\Mbed Studio\mbed-studio-tools\ac6\bin\..\lib\armlib\mc_w.l) to define posix_memalign.
Selecting member abort_message.cpp.o(c:\Users\14065\AppData\Local\Mbed Studio\mbed-studio-tools\ac6\bin\..\lib\libcxx\libcppabi_w.l) to define abort_message.
Selecting member iusefp.o(c:\Users\14065\AppData\Local\Mbed Studio\mbed-studio-tools\ac6\bin\..\lib\armlib\mc_w.l) to define __I$use$fp.
Running selection script in mc_w.l to resolve __rt_final_cpp.
Selecting member entry10a.o(c:\Users\14065\AppData\Local\Mbed Studio\mbed-studio-tools\ac6\bin\..\lib\armlib\mc_w.l) to define __rt_final_cpp.
Selecting member entry10b.o(c:\Users\14065\AppData\Local\Mbed Studio\mbed-studio-tools\ac6\bin\..\lib\armlib\mc_w.l) to define __rt_final_cpp$nonempty.
Running selection script in mc_w.l to resolve __rt_final_exit.
Selecting member entry11a.o(c:\Users\14065\AppData\Local\Mbed Studio\mbed-studio-tools\ac6\bin\..\lib\armlib\mc_w.l) to define __rt_final_exit.
Selecting member entry11b.o(c:\Users\14065\AppData\Local\Mbed Studio\mbed-studio-tools\ac6\bin\..\lib\armlib\mc_w.l) to define __rt_final_exit$nonempty.
Running selection script in mc_w.l to resolve _main_clock.
Selecting member entry7a.o(c:\Users\14065\AppData\Local\Mbed Studio\mbed-studio-tools\ac6\bin\..\lib\armlib\mc_w.l) to define _main_clock.
Selecting member entry7b.o(c:\Users\14065\AppData\Local\Mbed Studio\mbed-studio-tools\ac6\bin\..\lib\armlib\mc_w.l) to define _main_clock$no_clock.
Running selection script in mc_w.l to resolve _main_cpp_init.
Selecting member entry8a.o(c:\Users\14065\AppData\Local\Mbed Studio\mbed-studio-tools\ac6\bin\..\lib\armlib\mc_w.l) to define _main_cpp_init.
Selecting member entry8b.o(c:\Users\14065\AppData\Local\Mbed Studio\mbed-studio-tools\ac6\bin\..\lib\armlib\mc_w.l) to define _main_cpp_init$empty.
Running selection script in mc_w.l to resolve _main_init.
Selecting member entry9a.o(c:\Users\14065\AppData\Local\Mbed Studio\mbed-studio-tools\ac6\bin\..\lib\armlib\mc_w.l) to define _main_init.
Selecting member entry9b.o(c:\Users\14065\AppData\Local\Mbed Studio\mbed-studio-tools\ac6\bin\..\lib\armlib\mc_w.l) to define _main_init$exit.
Selecting member entry5.o(c:\Users\14065\AppData\Local\Mbed Studio\mbed-studio-tools\ac6\bin\..\lib\armlib\mc_w.l) to define _main_scatterload.
Running selection script in mc_w.l to resolve _main_stk.
Selecting member entry4.o(c:\Users\14065\AppData\Local\Mbed Studio\mbed-studio-tools\ac6\bin\..\lib\armlib\mc_w.l) to define _main_stk$2region.
Running selection script in mc_w.l to resolve _initio.
Selecting member iusesemip.o(c:\Users\14065\AppData\Local\Mbed Studio\mbed-studio-tools\ac6\bin\..\lib\armlib\mc_w.l) to define __I$use$semihosting$fputc.
Selecting member semi.o(c:\Users\14065\AppData\Local\Mbed Studio\mbed-studio-tools\ac6\bin\..\lib\armlib\mc_w.l) to define __semihosting_library_function.
Selecting member llshl.o(c:\Users\14065\AppData\Local\Mbed Studio\mbed-studio-tools\ac6\bin\..\lib\armlib\mc_w.l) to define __aeabi_llsl.
Selecting member llushr.o(c:\Users\14065\AppData\Local\Mbed Studio\mbed-studio-tools\ac6\bin\..\lib\armlib\mc_w.l) to define __aeabi_llsr.
Selecting member mvars.o(c:\Users\14065\AppData\Local\Mbed Studio\mbed-studio-tools\ac6\bin\..\lib\armlib\mc_w.l) to define __microlib_freelist.
Selecting member mvars.o(c:\Users\14065\AppData\Local\Mbed Studio\mbed-studio-tools\ac6\bin\..\lib\armlib\mc_w.l) to define __microlib_freelist_initialised.
Selecting member scanf_char.o(c:\Users\14065\AppData\Local\Mbed Studio\mbed-studio-tools\ac6\bin\..\lib\armlib\mc_w.l) to define __vfscanf_char.
Selecting member _sgetc.o(c:\Users\14065\AppData\Local\Mbed Studio\mbed-studio-tools\ac6\bin\..\lib\armlib\mc_w.l) to define _sbackspace.
Selecting member _scanf_longlong.o(c:\Users\14065\AppData\Local\Mbed Studio\mbed-studio-tools\ac6\bin\..\lib\armlib\mc_w.l) to define _scanf_longlong.
Selecting member scanf_fp.o(c:\Users\14065\AppData\Local\Mbed Studio\mbed-studio-tools\ac6\bin\..\lib\armlib\mc_w.l) to define _scanf_real.
Selecting member _scanf_str.o(c:\Users\14065\AppData\Local\Mbed Studio\mbed-studio-tools\ac6\bin\..\lib\armlib\mc_w.l) to define _scanf_string.
Selecting member _sgetc.o(c:\Users\14065\AppData\Local\Mbed Studio\mbed-studio-tools\ac6\bin\..\lib\armlib\mc_w.l) to define _sgetc.
Selecting member _chval.o(c:\Users\14065\AppData\Local\Mbed Studio\mbed-studio-tools\ac6\bin\..\lib\armlib\mc_w.l) to define _chval.
Running selection script in mc_w.l to resolve __ARM_resolve_target1.
Selecting member __ARM_resolve_target1.o(c:\Users\14065\AppData\Local\Mbed Studio\mbed-studio-tools\ac6\bin\..\lib\armlib\mc_w.l) to define __ARM_resolve_target1.
Selecting member __ARM_resolve_target1_abs32.o(c:\Users\14065\AppData\Local\Mbed Studio\mbed-studio-tools\ac6\bin\..\lib\armlib\mc_w.l) to define __ARM_resolve_target1_abs32.
Selecting member entry8b.o(c:\Users\14065\AppData\Local\Mbed Studio\mbed-studio-tools\ac6\bin\..\lib\armlib\mc_w.l) to define _main_cpp_init$empty.
Selecting member fepilogue.o(c:\Users\14065\AppData\Local\Mbed Studio\mbed-studio-tools\ac6\bin\..\lib\armlib\mf_w.l) to define _float_epilogue.
Selecting member fepilogue.o(c:\Users\14065\AppData\Local\Mbed Studio\mbed-studio-tools\ac6\bin\..\lib\armlib\mf_w.l) to define _float_round.
Loading member c:\Users\14065\AppData\Local\Mbed Studio\mbed-studio-tools\ac6\bin\..\lib\libcxx\libcppabi_w.l(cxa_handlers.cpp.o) from c:\Users\14065\AppData\Local\Mbed Studio\mbed-studio-tools\ac6\bin\..\lib\libcxx\libcppabi_w.l.
              definition:  std::unexpected()
              definition:  std::__terminate(void (*)())
              definition:  std::__unexpected(void (*)())
              definition:  std::get_terminate()
              definition:  std::get_unexpected()
              definition:  std::get_new_handler()
              definition:  std::set_new_handler(void (*)())
              definition:  std::terminate()
              definition:  __cxa_new_handler
              reference :  __cxa_terminate_handler
              reference :  __cxa_unexpected_handler
              reference :  abort_message
Loading member c:\Users\14065\AppData\Local\Mbed Studio\mbed-studio-tools\ac6\bin\..\lib\libcxx\libcppabi_w.l(abort_message.cpp.o) from c:\Users\14065\AppData\Local\Mbed Studio\mbed-studio-tools\ac6\bin\..\lib\libcxx\libcppabi_w.l.
              reference :  abort
              definition:  abort_message
Loading member c:\Users\14065\AppData\Local\Mbed Studio\mbed-studio-tools\ac6\bin\..\lib\armlib\mc_w.l(entry4.o) from c:\Users\14065\AppData\Local\Mbed Studio\mbed-studio-tools\ac6\bin\..\lib\armlib\mc_w.l.
              definition:  _main_stk$2region
              definition:  __vectab_stack_and_reset
              reference :  Image$$ARM_LIB_STACK$$ZI$$Limit
              reference :  __main
Loading member c:\Users\14065\AppData\Local\Mbed Studio\mbed-studio-tools\ac6\bin\..\lib\armlib\mc_w.l(entry5.o) from c:\Users\14065\AppData\Local\Mbed Studio\mbed-studio-tools\ac6\bin\..\lib\armlib\mc_w.l.
              definition:  _main_scatterload
              definition:  __main_after_scatterload
              reference :  __scatterload
Loading member c:\Users\14065\AppData\Local\Mbed Studio\mbed-studio-tools\ac6\bin\..\lib\armlib\mc_w.l(entry7a.o) from c:\Users\14065\AppData\Local\Mbed Studio\mbed-studio-tools\ac6\bin\..\lib\armlib\mc_w.l.
              definition:  _main_clock
              weak ref  :  _clock_init
Loading member c:\Users\14065\AppData\Local\Mbed Studio\mbed-studio-tools\ac6\bin\..\lib\armlib\mc_w.l(entry7b.o) from c:\Users\14065\AppData\Local\Mbed Studio\mbed-studio-tools\ac6\bin\..\lib\armlib\mc_w.l.
              definition:  _main_clock$no_clock
Loading member c:\Users\14065\AppData\Local\Mbed Studio\mbed-studio-tools\ac6\bin\..\lib\armlib\mc_w.l(entry8a.o) from c:\Users\14065\AppData\Local\Mbed Studio\mbed-studio-tools\ac6\bin\..\lib\armlib\mc_w.l.
              definition:  _main_cpp_init
              weak ref  :  __cpp_initialize__aeabi_
Loading member c:\Users\14065\AppData\Local\Mbed Studio\mbed-studio-tools\ac6\bin\..\lib\armlib\mc_w.l(entry8b.o) from c:\Users\14065\AppData\Local\Mbed Studio\mbed-studio-tools\ac6\bin\..\lib\armlib\mc_w.l.
              definition:  _main_cpp_init$empty
Loading member c:\Users\14065\AppData\Local\Mbed Studio\mbed-studio-tools\ac6\bin\..\lib\armlib\mc_w.l(entry9a.o) from c:\Users\14065\AppData\Local\Mbed Studio\mbed-studio-tools\ac6\bin\..\lib\armlib\mc_w.l.
              definition:  _main_init
              reference :  main
Loading member c:\Users\14065\AppData\Local\Mbed Studio\mbed-studio-tools\ac6\bin\..\lib\armlib\mc_w.l(entry9b.o) from c:\Users\14065\AppData\Local\Mbed Studio\mbed-studio-tools\ac6\bin\..\lib\armlib\mc_w.l.
              definition:  _main_init$exit
              reference :  main
Loading member c:\Users\14065\AppData\Local\Mbed Studio\mbed-studio-tools\ac6\bin\..\lib\armlib\mc_w.l(entry10a.o) from c:\Users\14065\AppData\Local\Mbed Studio\mbed-studio-tools\ac6\bin\..\lib\armlib\mc_w.l.
              definition:  __rt_final_cpp
Loading member c:\Users\14065\AppData\Local\Mbed Studio\mbed-studio-tools\ac6\bin\..\lib\armlib\mc_w.l(entry10b.o) from c:\Users\14065\AppData\Local\Mbed Studio\mbed-studio-tools\ac6\bin\..\lib\armlib\mc_w.l.
              definition:  __rt_final_cpp$nonempty
              weak ref  :  __cxa_finalize
Loading member c:\Users\14065\AppData\Local\Mbed Studio\mbed-studio-tools\ac6\bin\..\lib\armlib\mc_w.l(entry11a.o) from c:\Users\14065\AppData\Local\Mbed Studio\mbed-studio-tools\ac6\bin\..\lib\armlib\mc_w.l.
              definition:  __rt_final_exit
Loading member c:\Users\14065\AppData\Local\Mbed Studio\mbed-studio-tools\ac6\bin\..\lib\armlib\mc_w.l(entry11b.o) from c:\Users\14065\AppData\Local\Mbed Studio\mbed-studio-tools\ac6\bin\..\lib\armlib\mc_w.l.
              definition:  __rt_final_exit$nonempty
              weak ref  :  _microlib_exit
Loading member c:\Users\14065\AppData\Local\Mbed Studio\mbed-studio-tools\ac6\bin\..\lib\armlib\mc_w.l(semi.o) from c:\Users\14065\AppData\Local\Mbed Studio\mbed-studio-tools\ac6\bin\..\lib\armlib\mc_w.l.
              definition:  __semihosting_library_function
Loading member c:\Users\14065\AppData\Local\Mbed Studio\mbed-studio-tools\ac6\bin\..\lib\armlib\mc_w.l(llshl.o) from c:\Users\14065\AppData\Local\Mbed Studio\mbed-studio-tools\ac6\bin\..\lib\armlib\mc_w.l.
              definition:  __aeabi_llsl
              definition:  _ll_shift_l
Loading member c:\Users\14065\AppData\Local\Mbed Studio\mbed-studio-tools\ac6\bin\..\lib\armlib\mc_w.l(llushr.o) from c:\Users\14065\AppData\Local\Mbed Studio\mbed-studio-tools\ac6\bin\..\lib\armlib\mc_w.l.
              definition:  __aeabi_llsr
              definition:  _ll_ushift_r
Loading member c:\Users\14065\AppData\Local\Mbed Studio\mbed-studio-tools\ac6\bin\..\lib\armlib\mc_w.l(abort.o) from c:\Users\14065\AppData\Local\Mbed Studio\mbed-studio-tools\ac6\bin\..\lib\armlib\mc_w.l.
              definition:  abort
Loading member c:\Users\14065\AppData\Local\Mbed Studio\mbed-studio-tools\ac6\bin\..\lib\armlib\mc_w.l(memalign.o) from c:\Users\14065\AppData\Local\Mbed Studio\mbed-studio-tools\ac6\bin\..\lib\armlib\mc_w.l.
              definition:  posix_memalign
              reference :  __aligned_malloc
Loading member c:\Users\14065\AppData\Local\Mbed Studio\mbed-studio-tools\ac6\bin\..\lib\armlib\mc_w.l(mvars.o) from c:\Users\14065\AppData\Local\Mbed Studio\mbed-studio-tools\ac6\bin\..\lib\armlib\mc_w.l.
              definition:  __microlib_freelist
              definition:  __microlib_freelist_initialised
Loading member c:\Users\14065\AppData\Local\Mbed Studio\mbed-studio-tools\ac6\bin\..\lib\armlib\mc_w.l(_chval.o) from c:\Users\14065\AppData\Local\Mbed Studio\mbed-studio-tools\ac6\bin\..\lib\armlib\mc_w.l.
              definition:  _chval
Loading member c:\Users\14065\AppData\Local\Mbed Studio\mbed-studio-tools\ac6\bin\..\lib\armlib\mc_w.l(_scanf_longlong.o) from c:\Users\14065\AppData\Local\Mbed Studio\mbed-studio-tools\ac6\bin\..\lib\armlib\mc_w.l.
              definition:  _scanf_longlong
              reference :  _chval
Loading member c:\Users\14065\AppData\Local\Mbed Studio\mbed-studio-tools\ac6\bin\..\lib\armlib\mc_w.l(_scanf_str.o) from c:\Users\14065\AppData\Local\Mbed Studio\mbed-studio-tools\ac6\bin\..\lib\armlib\mc_w.l.
              definition:  _scanf_string
Loading member c:\Users\14065\AppData\Local\Mbed Studio\mbed-studio-tools\ac6\bin\..\lib\armlib\mc_w.l(scanf_fp.o) from c:\Users\14065\AppData\Local\Mbed Studio\mbed-studio-tools\ac6\bin\..\lib\armlib\mc_w.l.
              definition:  __ARM_grp_.debug_frame$_is_digit
              definition:  _scanf_real
              definition:  _scanf_really_real
              definition:  _is_digit
              reference :  __I$use$fp
              reference :  __I$use$fp
              reference :  __aeabi_d2f
              reference :  __aeabi_ddiv
              reference :  __aeabi_dmul
              reference :  __aeabi_ul2d
Loading member c:\Users\14065\AppData\Local\Mbed Studio\mbed-studio-tools\ac6\bin\..\lib\armlib\mc_w.l(scanf_char.o) from c:\Users\14065\AppData\Local\Mbed Studio\mbed-studio-tools\ac6\bin\..\lib\armlib\mc_w.l.
              definition:  __vfscanf_char
              reference :  __vfscanf
              reference :  isspace
Loading member c:\Users\14065\AppData\Local\Mbed Studio\mbed-studio-tools\ac6\bin\..\lib\armlib\mc_w.l(_sgetc.o) from c:\Users\14065\AppData\Local\Mbed Studio\mbed-studio-tools\ac6\bin\..\lib\armlib\mc_w.l.
              definition:  _sgetc
              definition:  _sbackspace
Loading member c:\Users\14065\AppData\Local\Mbed Studio\mbed-studio-tools\ac6\bin\..\lib\armlib\mc_w.l(iusefp.o) from c:\Users\14065\AppData\Local\Mbed Studio\mbed-studio-tools\ac6\bin\..\lib\armlib\mc_w.l.
              definition:  __I$use$fp
Loading member c:\Users\14065\AppData\Local\Mbed Studio\mbed-studio-tools\ac6\bin\..\lib\armlib\mc_w.l(iusesemip.o) from c:\Users\14065\AppData\Local\Mbed Studio\mbed-studio-tools\ac6\bin\..\lib\armlib\mc_w.l.
              definition:  __I$use$semihosting$fputc
Loading member c:\Users\14065\AppData\Local\Mbed Studio\mbed-studio-tools\ac6\bin\..\lib\armlib\mc_w.l(__ARM_resolve_target1.o) from c:\Users\14065\AppData\Local\Mbed Studio\mbed-studio-tools\ac6\bin\..\lib\armlib\mc_w.l.
              definition:  __ARM_resolve_target1
Loading member c:\Users\14065\AppData\Local\Mbed Studio\mbed-studio-tools\ac6\bin\..\lib\armlib\mc_w.l(__ARM_resolve_target1_abs32.o) from c:\Users\14065\AppData\Local\Mbed Studio\mbed-studio-tools\ac6\bin\..\lib\armlib\mc_w.l.
              definition:  __ARM_resolve_target1_abs32
Loading member c:\Users\14065\AppData\Local\Mbed Studio\mbed-studio-tools\ac6\bin\..\lib\armlib\mf_w.l(fepilogue.o) from c:\Users\14065\AppData\Local\Mbed Studio\mbed-studio-tools\ac6\bin\..\lib\armlib\mf_w.l.
              definition:  _float_round
              definition:  _float_epilogue
              reference :  __I$use$fp
Selecting member cxa_default_handlers.cpp.o(c:\Users\14065\AppData\Local\Mbed Studio\mbed-studio-tools\ac6\bin\..\lib\libcxx\libcppabi_w.l) to define __cxa_terminate_handler.
Selecting member cxa_default_handlers.cpp.o(c:\Users\14065\AppData\Local\Mbed Studio\mbed-studio-tools\ac6\bin\..\lib\libcxx\libcppabi_w.l) to define __cxa_unexpected_handler.
Selecting member init.o(c:\Users\14065\AppData\Local\Mbed Studio\mbed-studio-tools\ac6\bin\..\lib\armlib\mc_w.l) to define __scatterload.
Running selection script in mc_w.l to resolve __aligned_malloc.
Selecting member d2f.o(c:\Users\14065\AppData\Local\Mbed Studio\mbed-studio-tools\ac6\bin\..\lib\armlib\mf_w.l) to define __aeabi_d2f.
Selecting member ddiv.o(c:\Users\14065\AppData\Local\Mbed Studio\mbed-studio-tools\ac6\bin\..\lib\armlib\mf_w.l) to define __aeabi_ddiv.
Selecting member dmul.o(c:\Users\14065\AppData\Local\Mbed Studio\mbed-studio-tools\ac6\bin\..\lib\armlib\mf_w.l) to define __aeabi_dmul.
Selecting member dfltul.o(c:\Users\14065\AppData\Local\Mbed Studio\mbed-studio-tools\ac6\bin\..\lib\armlib\mf_w.l) to define __aeabi_ul2d.
Selecting member _scanf.o(c:\Users\14065\AppData\Local\Mbed Studio\mbed-studio-tools\ac6\bin\..\lib\armlib\mc_w.l) to define __vfscanf.
Running selection script in mc_w.l to resolve isspace.
Selecting member isspace_c.o(c:\Users\14065\AppData\Local\Mbed Studio\mbed-studio-tools\ac6\bin\..\lib\armlib\mc_w.l) to define isspace.
Loading member c:\Users\14065\AppData\Local\Mbed Studio\mbed-studio-tools\ac6\bin\..\lib\libcxx\libcppabi_w.l(cxa_default_handlers.cpp.o) from c:\Users\14065\AppData\Local\Mbed Studio\mbed-studio-tools\ac6\bin\..\lib\libcxx\libcppabi_w.l.
              definition:  std::set_terminate(void (*)())
              definition:  std::set_unexpected(void (*)())
              reference :  std::terminate()
              definition:  __cxa_terminate_handler
              definition:  __cxa_unexpected_handler
              reference :  abort
Loading member c:\Users\14065\AppData\Local\Mbed Studio\mbed-studio-tools\ac6\bin\..\lib\armlib\mc_w.l(init.o) from c:\Users\14065\AppData\Local\Mbed Studio\mbed-studio-tools\ac6\bin\..\lib\armlib\mc_w.l.
              definition:  __scatterload
              definition:  __scatterload_rt2
              reference :  Region$$Table$$Base
              reference :  Region$$Table$$Limit
              reference :  __main_after_scatterload
              weak ref  :  __decompress
Loading member c:\Users\14065\AppData\Local\Mbed Studio\mbed-studio-tools\ac6\bin\..\lib\armlib\mc_w.l(isspace_c.o) from c:\Users\14065\AppData\Local\Mbed Studio\mbed-studio-tools\ac6\bin\..\lib\armlib\mc_w.l.
              definition:  isspace
              reference :  __ctype_lookup
Loading member c:\Users\14065\AppData\Local\Mbed Studio\mbed-studio-tools\ac6\bin\..\lib\armlib\mc_w.l(_scanf.o) from c:\Users\14065\AppData\Local\Mbed Studio\mbed-studio-tools\ac6\bin\..\lib\armlib\mc_w.l.
              definition:  __vfscanf
              weak ref  :  _scanf_int
              weak ref  :  _scanf_longlong
              weak ref  :  _scanf_real
              weak ref  :  _scanf_string
Loading member c:\Users\14065\AppData\Local\Mbed Studio\mbed-studio-tools\ac6\bin\..\lib\armlib\mf_w.l(dmul.o) from c:\Users\14065\AppData\Local\Mbed Studio\mbed-studio-tools\ac6\bin\..\lib\armlib\mf_w.l.
              definition:  __aeabi_dmul
              reference :  __I$use$fp
              reference :  _double_epilogue
Loading member c:\Users\14065\AppData\Local\Mbed Studio\mbed-studio-tools\ac6\bin\..\lib\armlib\mf_w.l(ddiv.o) from c:\Users\14065\AppData\Local\Mbed Studio\mbed-studio-tools\ac6\bin\..\lib\armlib\mf_w.l.
              definition:  __aeabi_ddiv
              reference :  __I$use$fp
              reference :  _double_round
Loading member c:\Users\14065\AppData\Local\Mbed Studio\mbed-studio-tools\ac6\bin\..\lib\armlib\mf_w.l(dfltul.o) from c:\Users\14065\AppData\Local\Mbed Studio\mbed-studio-tools\ac6\bin\..\lib\armlib\mf_w.l.
              definition:  __aeabi_ul2d
              reference :  __I$use$fp
              reference :  _double_epilogue
Loading member c:\Users\14065\AppData\Local\Mbed Studio\mbed-studio-tools\ac6\bin\..\lib\armlib\mf_w.l(d2f.o) from c:\Users\14065\AppData\Local\Mbed Studio\mbed-studio-tools\ac6\bin\..\lib\armlib\mf_w.l.
              definition:  __aeabi_d2f
              reference :  __I$use$fp
              reference :  _float_round
Selecting member ctype_c.o(c:\Users\14065\AppData\Local\Mbed Studio\mbed-studio-tools\ac6\bin\..\lib\armlib\mc_w.l) to define __ctype_lookup.
Selecting member depilogue.o(c:\Users\14065\AppData\Local\Mbed Studio\mbed-studio-tools\ac6\bin\..\lib\armlib\mf_w.l) to define _double_epilogue.
Selecting member depilogue.o(c:\Users\14065\AppData\Local\Mbed Studio\mbed-studio-tools\ac6\bin\..\lib\armlib\mf_w.l) to define _double_round.
Loading member c:\Users\14065\AppData\Local\Mbed Studio\mbed-studio-tools\ac6\bin\..\lib\armlib\mc_w.l(ctype_c.o) from c:\Users\14065\AppData\Local\Mbed Studio\mbed-studio-tools\ac6\bin\..\lib\armlib\mc_w.l.
              definition:  __ctype_categories
              definition:  __ctype_lookup
Loading member c:\Users\14065\AppData\Local\Mbed Studio\mbed-studio-tools\ac6\bin\..\lib\armlib\mf_w.l(depilogue.o) from c:\Users\14065\AppData\Local\Mbed Studio\mbed-studio-tools\ac6\bin\..\lib\armlib\mf_w.l.
              definition:  _double_round
              definition:  _double_epilogue
              reference :  __I$use$fp
              reference :  __aeabi_llsl
              reference :  __aeabi_llsr
Cleaning up Comdat Group Sections
Renaming symbol free to __free$base.
Renaming symbol __free$memalign$2region to free.
Renaming symbol malloc to __malloc$base.
Renaming symbol __malloc$memalign$2region to malloc.
Renaming symbol puts to _puts$base.
Renaming symbol _puts$fputc_errors to puts.
Renaming symbol __stderr to ___stderr$base.
Renaming symbol ___stderr$full to __stderr.
Renaming symbol __stdout to ___stdout$base.
Renaming symbol ___stdout$full to __stdout.
Renaming symbol __use_full_stdio to __use_full_stdio$unused.
Renaming symbol __use_full_stdio$initio to __use_full_stdio.
Renaming symbol fflush to _fflush$base.
Renaming symbol _fflush$full to fflush.
Renaming symbol fputc to _fputc$base.
Renaming symbol _fputc$full$pos to fputc.
Renaming symbol _main_clock to _main_clock$temp.
Renaming symbol _main_clock$no_clock to _main_clock.
Renaming symbol _main_stk to _main_stk$base.
Renaming symbol _main_stk$2region to _main_stk.
Renaming symbol _initio to __initio$base.
Renaming symbol _initio$stdout$stderr to _initio.
Renaming symbol __aligned_malloc to __aligned_malloc$base.
Renaming symbol __aligned_malloc$2region to __aligned_malloc.
Resolving $Sub$$ and $Super$$ Symbols.
              definition:  $Super$$__cpp_initialize__aeabi_
              definition:  $Super$$_printf_lld
              definition:  $Super$$_printf_d
              definition:  $Super$$_printf_int_dec
              definition:  $Super$$_printf_percent
              definition:  $Super$$main
              definition:  $Super$$_printf_f
              definition:  $Super$$_printf_i
              definition:  $Super$$_printf_fp_hex
              definition:  $Super$$_printf_p
              definition:  $Super$$_printf_truncate_signed
              definition:  $Super$$_printf_s
              definition:  $Super$$_printf_l
              definition:  $Super$$_printf_longlong_oct
              definition:  $Super$$_printf_truncate_unsigned
              definition:  $Super$$_printf_ll
              definition:  $Super$$_printf_wctomb
              definition:  $Super$$_printf_ls
              definition:  $Super$$_printf_llu
              definition:  $Super$$_printf_str
              definition:  $Super$$_printf_g
              definition:  $Super$$_printf_longlong_hex
              definition:  $Super$$_printf_x
              definition:  $Super$$_printf_llx
              definition:  $Super$$_printf_u
              definition:  $Super$$_printf_llo
              definition:  $Super$$_printf_a
              definition:  $Super$$_printf_c
              definition:  $Super$$_printf_charcount
              definition:  $Super$$_printf_e
              definition:  $Super$$_printf_fp_dec
              definition:  $Super$$_printf_lc
              definition:  $Super$$_printf_lli
              definition:  $Super$$_printf_longlong_dec
              definition:  $Super$$_printf_n
              definition:  $Super$$_printf_o
              definition:  BuildAttributes$$THM_ISAv4$P$D$K$B$S$PE$A:L22UL41UL21$X:L11$S22US41US21$IEEE1$IW$~IW$USESV6$~STKCKD$USESV7$~SHL$OTIME$ROPI$IEEEJ$EBA8$MICROLIB$REQ8$PRES8$EABIv2
Building image.
Checking duplicate symbol definitions
Using Worst Fit .ANY placement algorithm.
              reference :  __scatterload_copy
              reference :  __scatterload_zeroinit
              reference :  __scatterload_null
Choosing data area compressor
Data area too small to benefit from compression.
Selecting member handlers.o(c:\Users\14065\AppData\Local\Mbed Studio\mbed-studio-tools\ac6\bin\..\lib\armlib\mc_w.l) to define __scatterload_copy.
Selecting member handlers.o(c:\Users\14065\AppData\Local\Mbed Studio\mbed-studio-tools\ac6\bin\..\lib\armlib\mc_w.l) to define __scatterload_zeroinit.
Selecting member handlers.o(c:\Users\14065\AppData\Local\Mbed Studio\mbed-studio-tools\ac6\bin\..\lib\armlib\mc_w.l) to define __scatterload_null.
Loading member c:\Users\14065\AppData\Local\Mbed Studio\mbed-studio-tools\ac6\bin\..\lib\armlib\mc_w.l(handlers.o) from c:\Users\14065\AppData\Local\Mbed Studio\mbed-studio-tools\ac6\bin\..\lib\armlib\mc_w.l.
              definition:  __scatterload_copy
              definition:  __scatterload_null
              definition:  __scatterload_zeroinit
Resolving $Sub$$ and $Super$$ Symbols.
Patching/Reducing relocations
Creating output file BUILD/LPC1768/ARMC6/mbed-os-example-blinky-baremetal.elf.

==============================================================================

Memory Map of the image

  Image Entry point : 0x00000301

  Load Region LR_IROM1 (Base: 0x00000000, Size: 0x00003b10, Max: 0x00080000, ABSOLUTE)

    Execution Region ER_IROM0 (Base: 0x00000000, Size: 0x000000c4, Max: 0x000002fc, ABSOLUTE)

    Base Addr    Size         Type   Attr      Idx    E Section Name        Object

    0x00000000   0x000000c4   Data   RO         3825    RESET               BUILD/LPC1768/ARMC6/mbed-os/targets/TARGET_NXP/TARGET_LPC176X/device/TOOLCHAIN_ARM_STD/startup_LPC17xx.o


    Execution Region ER_CRP (Base: 0x000002fc, Size: 0x00000004, Max: 0x00000004, ABSOLUTE, FIXED)

    Base Addr    Size         Type   Attr      Idx    E Section Name        Object

    0x000002fc   0x00000004   Data   RO         3820    .CRPSection         BUILD/LPC1768/ARMC6/mbed-os/targets/TARGET_NXP/TARGET_LPC176X/device/CRP.o


    Execution Region ER_IROM1 (Base: 0x00000300, Size: 0x00003804, Max: 0x0007fd00, ABSOLUTE, FIXED)

    Base Addr    Size         Type   Attr      Idx    E Section Name        Object

    0x00000300   0x00000000   Code   RO         4472  * .ARM.Collect$$$$00000000  c:\Users\14065\AppData\Local\Mbed Studio\mbed-studio-tools\ac6\bin\..\lib\armlib\mc_w.l(entry.o)
    0x00000300   0x00000004   Code   RO         4615    .ARM.Collect$$$$00000003  c:\Users\14065\AppData\Local\Mbed Studio\mbed-studio-tools\ac6\bin\..\lib\armlib\mc_w.l(entry4.o)
    0x00000304   0x00000004   Code   RO         4618    .ARM.Collect$$$$00000004  c:\Users\14065\AppData\Local\Mbed Studio\mbed-studio-tools\ac6\bin\..\lib\armlib\mc_w.l(entry5.o)
    0x00000308   0x00000004   Code   RO         4474    .ARM.Collect$$$$00000006  c:\Users\14065\AppData\Local\Mbed Studio\mbed-studio-tools\ac6\bin\..\lib\armlib\mc_w.l(entry6b.o)
    0x0000030c   0x00000000   Code   RO         4620    .ARM.Collect$$$$00000008  c:\Users\14065\AppData\Local\Mbed Studio\mbed-studio-tools\ac6\bin\..\lib\armlib\mc_w.l(entry7b.o)
    0x0000030c   0x00000004   Code   RO         4621    .ARM.Collect$$$$00000009  c:\Users\14065\AppData\Local\Mbed Studio\mbed-studio-tools\ac6\bin\..\lib\armlib\mc_w.l(entry8a.o)
    0x00000310   0x00000000   Code   RO         4622    .ARM.Collect$$$$0000000A  c:\Users\14065\AppData\Local\Mbed Studio\mbed-studio-tools\ac6\bin\..\lib\armlib\mc_w.l(entry8b.o)
    0x00000310   0x00000008   Code   RO         4623    .ARM.Collect$$$$0000000B  c:\Users\14065\AppData\Local\Mbed Studio\mbed-studio-tools\ac6\bin\..\lib\armlib\mc_w.l(entry9a.o)
    0x00000318   0x00000000   Code   RO         4625    .ARM.Collect$$$$0000000D  c:\Users\14065\AppData\Local\Mbed Studio\mbed-studio-tools\ac6\bin\..\lib\armlib\mc_w.l(entry10a.o)
    0x00000318   0x00000000   Code   RO         4627    .ARM.Collect$$$$0000000F  c:\Users\14065\AppData\Local\Mbed Studio\mbed-studio-tools\ac6\bin\..\lib\armlib\mc_w.l(entry11a.o)
    0x00000318   0x00000004   Code   RO         4616    .ARM.Collect$$$$00002714  c:\Users\14065\AppData\Local\Mbed Studio\mbed-studio-tools\ac6\bin\..\lib\armlib\mc_w.l(entry4.o)
    0x0000031c   0x0000005c   Code   RO         2097    .text               BUILD/LPC1768/ARMC6/mbed-os/platform/source/TARGET_CORTEX_M/TOOLCHAIN_ARM/except.o
    0x00000378   0x00000024   Code   RO         3826    .text               BUILD/LPC1768/ARMC6/mbed-os/targets/TARGET_NXP/TARGET_LPC176X/device/TOOLCHAIN_ARM_STD/startup_LPC17xx.o
    0x0000039c   0x00000020   Code   RO         4485    .text               c:\Users\14065\AppData\Local\Mbed Studio\mbed-studio-tools\ac6\bin\..\lib\armlib\mc_w.l(initio_oe.o)
    0x000003bc   0x00000028   Code   RO         4491    .text               c:\Users\14065\AppData\Local\Mbed Studio\mbed-studio-tools\ac6\bin\..\lib\armlib\mc_w.l(fputc_fp.o)
    0x000003e4   0x00000062   Code   RO         4501    .text               c:\Users\14065\AppData\Local\Mbed Studio\mbed-studio-tools\ac6\bin\..\lib\armlib\mc_w.l(uldiv.o)
    0x00000446   0x00000024   Code   RO         4507    .text               c:\Users\14065\AppData\Local\Mbed Studio\mbed-studio-tools\ac6\bin\..\lib\armlib\mc_w.l(memseta.o)
    0x0000046a   0x0000001c   Code   RO         4515    .text               c:\Users\14065\AppData\Local\Mbed Studio\mbed-studio-tools\ac6\bin\..\lib\armlib\mc_w.l(strcmp.o)
    0x00000486   0x0000014c   Code   RO         4563    .text               c:\Users\14065\AppData\Local\Mbed Studio\mbed-studio-tools\ac6\bin\..\lib\armlib\mc_w.l(_scanf_int.o)
    0x000005d2   0x00000002   PAD
    0x000005d4   0x00000020   Code   RO         4568    .text               c:\Users\14065\AppData\Local\Mbed Studio\mbed-studio-tools\ac6\bin\..\lib\armlib\mc_w.l(cpp_init.o)
    0x000005f4   0x0000001e   Code   RO         4630    .text               c:\Users\14065\AppData\Local\Mbed Studio\mbed-studio-tools\ac6\bin\..\lib\armlib\mc_w.l(llshl.o)
    0x00000612   0x00000020   Code   RO         4632    .text               c:\Users\14065\AppData\Local\Mbed Studio\mbed-studio-tools\ac6\bin\..\lib\armlib\mc_w.l(llushr.o)
    0x00000632   0x0000001c   Code   RO         4640    .text               c:\Users\14065\AppData\Local\Mbed Studio\mbed-studio-tools\ac6\bin\..\lib\armlib\mc_w.l(_chval.o)
    0x0000064e   0x00000002   PAD
    0x00000650   0x00000024   Code   RO         4670    .text               c:\Users\14065\AppData\Local\Mbed Studio\mbed-studio-tools\ac6\bin\..\lib\armlib\mc_w.l(init.o)
    0x00000674   0x00000032   Code   RO         2834    .text.$Sub$$__2printf  BUILD/LPC1768/ARMC6/mbed-os/platform/source/minimal-printf/mbed_printf_armlink_overrides.o
    0x000006a6   0x00000002   PAD
    0x000006a8   0x00000002   Code   RO         2727    .text.$Sub$$__cpp_initialize__aeabi_  BUILD/LPC1768/ARMC6/mbed-os/platform/source/mbed_sdk_boot.o
    0x000006aa   0x00000002   PAD
    0x000006ac   0x00000004   Code   RO         2864    .text.$Sub$$_printf_d  BUILD/LPC1768/ARMC6/mbed-os/platform/source/minimal-printf/mbed_printf_armlink_overrides.o
    0x000006b0   0x00000004   Code   RO         2892    .text.$Sub$$_printf_int_dec  BUILD/LPC1768/ARMC6/mbed-os/platform/source/minimal-printf/mbed_printf_armlink_overrides.o
    0x000006b4   0x00000004   Code   RO         2938    .text.$Sub$$_printf_percent  BUILD/LPC1768/ARMC6/mbed-os/platform/source/minimal-printf/mbed_printf_armlink_overrides.o
    0x000006b8   0x00000060   Code   RO         2733    .text.$Sub$$main    BUILD/LPC1768/ARMC6/mbed-os/platform/source/mbed_sdk_boot.o
    0x00000718   0x00000014   Code   RO         3002    .text.$Sub$$vsnprintf  BUILD/LPC1768/ARMC6/mbed-os/platform/source/minimal-printf/mbed_printf_wrapper.o
    0x0000072c   0x00000098   Code   RO         3861    .text.SystemInit    BUILD/LPC1768/ARMC6/mbed-os/targets/TARGET_NXP/TARGET_LPC176X/device/system_LPC17xx.o
    0x000007c4   0x00000008   Code   RO           12    .text._GLOBAL__sub_I_main.cpp  BUILD/LPC1768/ARMC6/main.o
    0x000007cc   0x00000068   Code   RO         2687    .text._Z30core_util_atomic_load_explicitIhET_PKS0_17mbed_memory_order  BUILD/LPC1768/ARMC6/mbed-os/platform/source/mbed_retarget.o
    0x00000834   0x0000002e   Code   RO           10    .text._ZL10gpio_writeP6gpio_ti  BUILD/LPC1768/ARMC6/main.o
    0x00000862   0x00000002   PAD
    0x00000864   0x00000034   Code   RO         2643    .text._ZL14do_serial_initv  BUILD/LPC1768/ARMC6/mbed-os/platform/source/mbed_retarget.o
    0x00000898   0x00000018   Code   RO         2549    .text._ZL19do_serial_init_oncev  BUILD/LPC1768/ARMC6/mbed-os/platform/source/mbed_retarget.o
    0x000008b0   0x00000008   Code   RO         2444    .text._ZL5sleepv    BUILD/LPC1768/ARMC6/mbed-os/platform/source/mbed_os_timer.o
    0x000008b8   0x0000002c   Code   RO            8    .text._ZL9gpio_readP6gpio_t  BUILD/LPC1768/ARMC6/main.o
    0x000008e4   0x00000008   Code   RO           32    .text._ZN4mbed10DigitalOut4readEv  BUILD/LPC1768/ARMC6/main.o
    0x000008ec   0x00000008   Code   RO           34    .text._ZN4mbed10DigitalOut5writeEi  BUILD/LPC1768/ARMC6/main.o
    0x000008f4   0x0000001c   Code   RO           26    .text._ZN4mbed10DigitalOutC2E7PinName  BUILD/LPC1768/ARMC6/main.o
    0x00000910   0x0000000c   Code   RO           30    .text._ZN4mbed10DigitalOutaSEi  BUILD/LPC1768/ARMC6/main.o
    0x0000091c   0x00000008   Code   RO           28    .text._ZN4mbed10DigitalOutcviEv  BUILD/LPC1768/ARMC6/main.o
    0x00000924   0x00000018   Code   RO         1072    .text._ZN4mbed10TimerEvent15insert_absoluteENSt3__26chrono10time_pointINS_15TickerDataClockENS2_8durationIxNS1_5ratioILx1ELx1000000EEEEEEE  BUILD/LPC1768/ARMC6/mbed-os/drivers/source/TimerEvent.o
    0x0000093c   0x0000000a   Code   RO         1062    .text._ZN4mbed10TimerEvent3irqEj  BUILD/LPC1768/ARMC6/mbed-os/drivers/source/TimerEvent.o
    0x00000946   0x00000002   PAD
    0x00000948   0x00000012   Code   RO         1066    .text._ZN4mbed10TimerEvent6removeEv  BUILD/LPC1768/ARMC6/mbed-os/drivers/source/TimerEvent.o
    0x0000095a   0x00000002   PAD
    0x0000095c   0x00000032   Code   RO         1060    .text._ZN4mbed10TimerEventC2EPK13ticker_data_t  BUILD/LPC1768/ARMC6/mbed-os/drivers/source/TimerEvent.o
    0x0000098e   0x00000002   PAD
    0x00000990   0x0000000a   Code   RO         1083    .text._ZN4mbed15TickerDataClock11set_handlerEPFvjE  BUILD/LPC1768/ARMC6/mbed-os/drivers/source/TimerEvent.o
    0x0000099a   0x00000002   PAD
    0x0000099c   0x00000016   Code   RO         1087    .text._ZN4mbed15TickerDataClock12insert_eventEP14ticker_event_sNSt3__26chrono10time_pointIS0_NS4_8durationIxNS3_5ratioILx1ELx1000000EEEEEEEj  BUILD/LPC1768/ARMC6/mbed-os/drivers/source/TimerEvent.o
    0x000009b2   0x00000002   PAD
    0x000009b4   0x0000000a   Code   RO         1089    .text._ZN4mbed15TickerDataClock12remove_eventEP14ticker_event_s  BUILD/LPC1768/ARMC6/mbed-os/drivers/source/TimerEvent.o
    0x000009be   0x00000002   PAD
    0x000009c0   0x00000004   Code   RO         1051    .text._ZN4mbed15TickerDataClockC2EPK13ticker_data_t  BUILD/LPC1768/ARMC6/mbed-os/drivers/source/Timer.o
    0x000009c4   0x0000000c   Code   RO         1676    .text._ZN4mbed19CriticalSectionLockC2Ev  BUILD/LPC1768/ARMC6/mbed-os/platform/source/CriticalSectionLock.o
    0x000009d0   0x0000000c   Code   RO         1678    .text._ZN4mbed19CriticalSectionLockD2Ev  BUILD/LPC1768/ARMC6/mbed-os/platform/source/CriticalSectionLock.o
    0x000009dc   0x0000001a   Code   RO         2547    .text._ZN4mbed20minimal_console_putcEi  BUILD/LPC1768/ARMC6/mbed-os/platform/source/mbed_retarget.o
    0x000009f6   0x00000002   PAD
    0x000009f8   0x0000002a   Code   RO         2436    .text._ZN4mbed8internal13init_os_timerEv  BUILD/LPC1768/ARMC6/mbed-os/platform/source/mbed_os_timer.o
    0x00000a22   0x00000002   PAD
    0x00000a24   0x00000058   Code   RO         2457    .text._ZN4mbed8internal18do_sleep_operationINS0_18timed_predicate_opEEEvRT_  BUILD/LPC1768/ARMC6/mbed-os/platform/source/mbed_os_timer.o
    0x00000a7c   0x0000001e   Code   RO         2471    .text._ZN4mbed8internal18timed_predicate_op13sleep_prepareEv  BUILD/LPC1768/ARMC6/mbed-os/platform/source/mbed_os_timer.o
    0x00000a9a   0x00000002   PAD
    0x00000a9c   0x00000026   Code   RO         2473    .text._ZN4mbed8internal18timed_predicate_op14sleep_preparedEv  BUILD/LPC1768/ARMC6/mbed-os/platform/source/mbed_os_timer.o
    0x00000ac2   0x00000002   PAD
    0x00000ac4   0x00000018   Code   RO         2455    .text._ZN4mbed8internal18timed_predicate_opC2ENSt3__26chrono10time_pointINS0_7OsClockENS3_8durationIxNS2_5ratioILx1ELx1000EEEEEEEPFbPvESB_  BUILD/LPC1768/ARMC6/mbed-os/platform/source/mbed_os_timer.o
    0x00000adc   0x00000018   Code   RO         2459    .text._ZN4mbed8internal18timed_predicate_opD2Ev  BUILD/LPC1768/ARMC6/mbed-os/platform/source/mbed_os_timer.o
    0x00000af4   0x0000004e   Code   RO         2442    .text._ZN4mbed8internal34do_timed_sleep_relative_or_foreverENSt3__26chrono8durationIjNS1_5ratioILx1ELx1000EEEEEPFbPvES7_  BUILD/LPC1768/ARMC6/mbed-os/platform/source/mbed_os_timer.o
    0x00000b42   0x00000002   PAD
    0x00000b44   0x0000001a   Code   RO         2475    .text._ZN4mbed8internal7OsClock13set_wake_timeENSt3__26chrono10time_pointIS1_NS3_8durationIxNS2_5ratioILx1ELx1000EEEEEEE  BUILD/LPC1768/ARMC6/mbed-os/platform/source/mbed_os_timer.o
    0x00000b5e   0x00000002   PAD
    0x00000b60   0x0000001e   Code   RO         2467    .text._ZN4mbed8internal7OsClock3nowEv  BUILD/LPC1768/ARMC6/mbed-os/platform/source/mbed_os_timer.o
    0x00000b7e   0x00000002   PAD
    0x00000b80   0x0000003e   Code   RO         1960    .text._ZN4mbed8internal8SysTimerINSt3__25ratioILx1ELx1000EEELb1EE11cancel_wakeEv  BUILD/LPC1768/ARMC6/mbed-os/platform/source/SysTimer.o
    0x00000bbe   0x00000002   PAD
    0x00000bc0   0x000000a4   Code   RO         1964    .text._ZN4mbed8internal8SysTimerINSt3__25ratioILx1ELx1000EEELb1EE13set_wake_timeENS2_6chrono10time_pointIS5_NS6_8durationIyS4_EEEE  BUILD/LPC1768/ARMC6/mbed-os/platform/source/SysTimer.o
    0x00000c64   0x00000014   Code   RO         1980    .text._ZN4mbed8internal8SysTimerINSt3__25ratioILx1ELx1000EEELb1EE14_schedule_tickEv  BUILD/LPC1768/ARMC6/mbed-os/platform/source/SysTimer.o
    0x00000c78   0x00000022   Code   RO         2000    .text._ZN4mbed8internal8SysTimerINSt3__25ratioILx1ELx1000EEELb1EE15_increment_tickEv  BUILD/LPC1768/ARMC6/mbed-os/platform/source/SysTimer.o
    0x00000c9a   0x00000002   PAD
    0x00000c9c   0x00000010   Code   RO         1978    .text._ZN4mbed8internal8SysTimerINSt3__25ratioILx1ELx1000EEELb1EE16_set_irq_pendingEv  BUILD/LPC1768/ARMC6/mbed-os/platform/source/SysTimer.o
    0x00000cac   0x0000006c   Code   RO         1966    .text._ZN4mbed8internal8SysTimerINSt3__25ratioILx1ELx1000EEELb1EE19update_and_get_tickEv  BUILD/LPC1768/ARMC6/mbed-os/platform/source/SysTimer.o
    0x00000d18   0x00000042   Code   RO         1998    .text._ZN4mbed8internal8SysTimerINSt3__25ratioILx1ELx1000EEELb1EE7handlerEv  BUILD/LPC1768/ARMC6/mbed-os/platform/source/SysTimer.o
    0x00000d5a   0x00000002   PAD
    0x00000d5c   0x0000003a   Code   RO         1954    .text._ZN4mbed8internal8SysTimerINSt3__25ratioILx1ELx1000EEELb1EEC2EPK13ticker_data_t  BUILD/LPC1768/ARMC6/mbed-os/platform/source/SysTimer.o
    0x00000d96   0x00000002   PAD
    0x00000d98   0x00000006   Code   RO         2691    .text._ZN4mstd4impl6INVOKEIRFvvEJEEENSt3__29enable_ifIXoontsr3std17is_member_pointerINS4_5decayIT_E4typeEEE5valueaasr3std24is_member_object_pointerIS9_EE5valuenesZfp0_Li1EEDTclclsr3stdE7forwardIS7_Efp_Espclsr3stdE7forwardIT0_Efp0_EEEE4typeEOS7_DpOSA_  BUILD/LPC1768/ARMC6/mbed-os/platform/source/mbed_retarget.o
    0x00000d9e   0x00000002   PAD
    0x00000da0   0x00000008   Code   RO         2689    .text._ZN4mstd6invokeIRFvvEJEEENS_13invoke_resultIT_JDpT0_EE4typeEOS4_DpOS5_  BUILD/LPC1768/ARMC6/mbed-os/platform/source/mbed_retarget.o
    0x00000da8   0x0000002a   Code   RO         2685    .text._ZN4mstd9call_onceIRFvvEJEEEvRNS_9once_flagEOT_DpOT0_  BUILD/LPC1768/ARMC6/mbed-os/platform/source/mbed_retarget.o
    0x00000dd2   0x00000002   PAD
    0x00000dd4   0x00000012   Code   RO          988    .text._ZNK4mbed15TickerDataClock3nowEv  BUILD/LPC1768/ARMC6/mbed-os/drivers/source/Ticker.o
    0x00000de6   0x00000002   PAD
    0x00000de8   0x00000004   Code   RO         1970    .text._ZNK4mbed15TickerDataClockptEv  BUILD/LPC1768/ARMC6/mbed-os/platform/source/SysTimer.o
    0x00000dec   0x00000022   Code   RO         2469    .text._ZNK4mbed8internal18timed_predicate_op14wake_conditionEv  BUILD/LPC1768/ARMC6/mbed-os/platform/source/mbed_os_timer.o
    0x00000e0e   0x00000002   PAD
    0x00000e10   0x00000006   Code   RO         1974    .text._ZNK4mbed8internal8SysTimerINSt3__25ratioILx1ELx1000EEELb1EE13wake_time_setEv  BUILD/LPC1768/ARMC6/mbed-os/platform/source/SysTimer.o
    0x00000e16   0x00000002   PAD
    0x00000e18   0x00000066   Code   RO         1992    .text._ZNK4mbed8internal8SysTimerINSt3__25ratioILx1ELx1000EEELb1EE14_elapsed_ticksEv  BUILD/LPC1768/ARMC6/mbed-os/platform/source/SysTimer.o
    0x00000e7e   0x00000002   PAD
    0x00000e80   0x00000006   Code   RO         1972    .text._ZNK4mbed8internal8SysTimerINSt3__25ratioILx1ELx1000EEELb1EE16wake_time_passedEv  BUILD/LPC1768/ARMC6/mbed-os/platform/source/SysTimer.o
    0x00000e86   0x00000002   PAD
    0x00000e88   0x00000012   Code   RO         1968    .text._ZNK4mbed8internal8SysTimerINSt3__25ratioILx1ELx1000EEELb1EE8get_tickEv  BUILD/LPC1768/ARMC6/mbed-os/platform/source/SysTimer.o
    0x00000e9a   0x00000002   PAD
    0x00000e9c   0x0000001e   Code   RO         4142    .text.__NVIC_DisableIRQ  BUILD/LPC1768/ARMC6/mbed-os/targets/TARGET_NXP/TARGET_LPC176X/serial_api.o
    0x00000eba   0x00000002   PAD
    0x00000ebc   0x00000016   Code   RO         4257    .text.__NVIC_DisableIRQ  BUILD/LPC1768/ARMC6/mbed-os/targets/TARGET_NXP/TARGET_LPC176X/us_ticker.o
    0x00000ed2   0x00000002   PAD
    0x00000ed4   0x00000016   Code   RO         4140    .text.__NVIC_EnableIRQ  BUILD/LPC1768/ARMC6/mbed-os/targets/TARGET_NXP/TARGET_LPC176X/serial_api.o
    0x00000eea   0x00000002   PAD
    0x00000eec   0x0000000e   Code   RO         4243    .text.__NVIC_EnableIRQ  BUILD/LPC1768/ARMC6/mbed-os/targets/TARGET_NXP/TARGET_LPC176X/us_ticker.o
    0x00000efa   0x00000002   PAD
    0x00000efc   0x0000000e   Code   RO         4251    .text.__NVIC_SetPendingIRQ  BUILD/LPC1768/ARMC6/mbed-os/targets/TARGET_NXP/TARGET_LPC176X/us_ticker.o
    0x00000f0a   0x00000002   PAD
    0x00000f0c   0x00000014   Code   RO         4138    .text.__NVIC_SetVector  BUILD/LPC1768/ARMC6/mbed-os/targets/TARGET_NXP/TARGET_LPC176X/serial_api.o
    0x00000f20   0x00000016   Code   RO         4241    .text.__NVIC_SetVector  BUILD/LPC1768/ARMC6/mbed-os/targets/TARGET_NXP/TARGET_LPC176X/us_ticker.o
    0x00000f36   0x00000002   PAD
    0x00000f38   0x00000058   Code   RO         2613    .text.__cxa_guard_acquire  BUILD/LPC1768/ARMC6/mbed-os/platform/source/mbed_retarget.o
    0x00000f90   0x0000002e   Code   RO         2615    .text.__cxa_guard_release  BUILD/LPC1768/ARMC6/mbed-os/platform/source/mbed_retarget.o
    0x00000fbe   0x00000002   PAD
    0x00000fc0   0x00000028   Code   RO         4463    .text.__cxa_pure_virtual  c:\Users\14065\AppData\Local\Mbed Studio\mbed-studio-tools\ac6\bin\..\lib\libcxx\libcppabi_w.l(cxa_virtual.cpp.o)
    0x00000fe8   0x00000018   Code   RO            4    .text.__cxx_global_var_init  BUILD/LPC1768/ARMC6/main.o
    0x00001000   0x00000008   Code   RO         2573    .text.__user_setup_stackheap  BUILD/LPC1768/ARMC6/mbed-os/platform/source/mbed_retarget.o
    0x00001008   0x00000024   Code   RO         1319    .text._gpio_init_in  BUILD/LPC1768/ARMC6/mbed-os/hal/source/mbed_gpio.o
    0x0000102c   0x00000030   Code   RO         1325    .text._gpio_init_out  BUILD/LPC1768/ARMC6/mbed-os/hal/source/mbed_gpio.o
    0x0000105c   0x00000032   Code   RO         2571    .text._mbed_user_setup_stackheap  BUILD/LPC1768/ARMC6/mbed-os/platform/source/mbed_retarget.o
    0x0000108e   0x00000002   PAD
    0x00001090   0x00000008   Code   RO         2731    .text._platform_post_stackheap_init  BUILD/LPC1768/ARMC6/mbed-os/platform/source/mbed_sdk_boot.o
    0x00001098   0x00000028   Code   RO         2539    .text._sys_open     BUILD/LPC1768/ARMC6/mbed-os/platform/source/mbed_retarget.o
    0x000010c0   0x00000006   Code   RO         2565    .text._sys_seek     BUILD/LPC1768/ARMC6/mbed-os/platform/source/mbed_retarget.o
    0x000010c6   0x00000002   PAD
    0x000010c8   0x000000fc   Code   RO         2543    .text._sys_write    BUILD/LPC1768/ARMC6/mbed-os/platform/source/mbed_retarget.o
    0x000011c4   0x00000030   Code   RO         1404    .text._ticker_match_interval_passed  BUILD/LPC1768/ARMC6/mbed-os/hal/source/mbed_ticker_api.o
    0x000011f4   0x00000004   Code   RO         4612    .text.abort_message  c:\Users\14065\AppData\Local\Mbed Studio\mbed-studio-tools\ac6\bin\..\lib\libcxx\libcppabi_w.l(abort_message.cpp.o)
    0x000011f8   0x0000000c   Code   RO         1288    .text.are_interrupts_enabled  BUILD/LPC1768/ARMC6/mbed-os/hal/source/mbed_critical_section_api.o
    0x00001204   0x0000006c   Code   RO         1444    .text.compute_tick_round_up  BUILD/LPC1768/ARMC6/mbed-os/hal/source/mbed_ticker_api.o
    0x00001270   0x0000000c   Code   RO         2268    .text.core_util_are_interrupts_enabled  BUILD/LPC1768/ARMC6/mbed-os/platform/source/mbed_critical.o
    0x0000127c   0x00000012   Code   RO         2165    .text.core_util_atomic_decr_u16  BUILD/LPC1768/ARMC6/mbed-os/platform/source/mbed_atomic_impl.o
    0x0000128e   0x00000002   PAD
    0x00001290   0x00000010   Code   RO         2151    .text.core_util_atomic_exchange_u8  BUILD/LPC1768/ARMC6/mbed-os/platform/source/mbed_atomic_impl.o
    0x000012a0   0x00000016   Code   RO         2149    .text.core_util_atomic_flag_test_and_set  BUILD/LPC1768/ARMC6/mbed-os/platform/source/mbed_atomic_impl.o
    0x000012b6   0x00000002   PAD
    0x000012b8   0x00000012   Code   RO         2159    .text.core_util_atomic_incr_u16  BUILD/LPC1768/ARMC6/mbed-os/platform/source/mbed_atomic_impl.o
    0x000012ca   0x00000002   PAD
    0x000012cc   0x00000014   Code   RO         2211    .text.core_util_atomic_load_u64  BUILD/LPC1768/ARMC6/mbed-os/platform/source/mbed_atomic_impl.o
    0x000012e0   0x00000084   Code   RO         2274    .text.core_util_critical_section_enter  BUILD/LPC1768/ARMC6/mbed-os/platform/source/mbed_critical.o
    0x00001364   0x0000001e   Code   RO         2276    .text.core_util_critical_section_exit  BUILD/LPC1768/ARMC6/mbed-os/platform/source/mbed_critical.o
    0x00001382   0x00000002   PAD
    0x00001384   0x0000000c   Code   RO         2270    .text.core_util_is_isr_active  BUILD/LPC1768/ARMC6/mbed-os/platform/source/mbed_critical.o
    0x00001390   0x00000018   Code   RO         1442    .text.exact_log2    BUILD/LPC1768/ARMC6/mbed-os/hal/source/mbed_ticker_api.o
    0x000013a8   0x0000002e   Code   RO         2585    .text.exit          BUILD/LPC1768/ARMC6/mbed-os/platform/source/mbed_retarget.o
    0x000013d6   0x00000002   PAD
    0x000013d8   0x0000001a   Code   RO         1440    .text.gcd           BUILD/LPC1768/ARMC6/mbed-os/hal/source/mbed_ticker_api.o
    0x000013f2   0x00000002   PAD
    0x000013f4   0x0000000a   Code   RO         1454    .text.get_us_ticker_data  BUILD/LPC1768/ARMC6/mbed-os/hal/source/mbed_us_ticker_api.o
    0x000013fe   0x00000002   PAD
    0x00001400   0x00000054   Code   RO         3877    .text.gpio_dir      BUILD/LPC1768/ARMC6/mbed-os/targets/TARGET_NXP/TARGET_LPC176X/gpio_api.o
    0x00001454   0x0000002e   Code   RO         3873    .text.gpio_init     BUILD/LPC1768/ARMC6/mbed-os/targets/TARGET_NXP/TARGET_LPC176X/gpio_api.o
    0x00001482   0x00000002   PAD
    0x00001484   0x0000000a   Code   RO         1315    .text.gpio_init_in  BUILD/LPC1768/ARMC6/mbed-os/hal/source/mbed_gpio.o
    0x0000148e   0x00000002   PAD
    0x00001490   0x00000008   Code   RO         1317    .text.gpio_init_in_ex  BUILD/LPC1768/ARMC6/mbed-os/hal/source/mbed_gpio.o
    0x00001498   0x0000000a   Code   RO         1321    .text.gpio_init_out  BUILD/LPC1768/ARMC6/mbed-os/hal/source/mbed_gpio.o
    0x000014a2   0x00000002   PAD
    0x000014a4   0x0000000c   Code   RO         1323    .text.gpio_init_out_ex  BUILD/LPC1768/ARMC6/mbed-os/hal/source/mbed_gpio.o
    0x000014b0   0x0000000a   Code   RO         3875    .text.gpio_mode     BUILD/LPC1768/ARMC6/mbed-os/targets/TARGET_NXP/TARGET_LPC176X/gpio_api.o
    0x000014ba   0x00000002   PAD
    0x000014bc   0x0000002c   Code   RO         4084    .text.gpio_read     BUILD/LPC1768/ARMC6/mbed-os/targets/TARGET_NXP/TARGET_LPC176X/serial_api.o
    0x000014e8   0x00000040   Code   RO         3871    .text.gpio_set      BUILD/LPC1768/ARMC6/mbed-os/targets/TARGET_NXP/TARGET_LPC176X/gpio_api.o
    0x00001528   0x00000078   Code   RO         1313    .text.gpio_write    BUILD/LPC1768/ARMC6/mbed-os/hal/source/mbed_gpio.o
    0x000015a0   0x0000002e   Code   RO         4082    .text.gpio_write    BUILD/LPC1768/ARMC6/mbed-os/targets/TARGET_NXP/TARGET_LPC176X/serial_api.o
    0x000015ce   0x00000002   PAD
    0x000015d0   0x0000002c   Code   RO         1286    .text.hal_critical_section_enter  BUILD/LPC1768/ARMC6/mbed-os/hal/source/mbed_critical_section_api.o
    0x000015fc   0x00000084   Code   RO         1290    .text.hal_critical_section_exit  BUILD/LPC1768/ARMC6/mbed-os/hal/source/mbed_critical_section_api.o
    0x00001680   0x00000026   Code   RO         4161    .text.hal_sleep     BUILD/LPC1768/ARMC6/mbed-os/targets/TARGET_NXP/TARGET_LPC176X/sleep.o
    0x000016a6   0x00000002   PAD
    0x000016a8   0x000000e8   Code   RO         2289    .text.handle_error  BUILD/LPC1768/ARMC6/mbed-os/platform/source/mbed_error.o
    0x00001790   0x00000150   Code   RO         1408    .text.initialize    BUILD/LPC1768/ARMC6/mbed-os/hal/source/mbed_ticker_api.o
    0x000018e0   0x0000006a   Code   RO         1422    .text.insert_event  BUILD/LPC1768/ARMC6/mbed-os/hal/source/mbed_ticker_api.o
    0x0000194a   0x00000002   PAD
    0x0000194c   0x00000038   Code   RO            6    .text.main          BUILD/LPC1768/ARMC6/main.o
    0x00001984   0x0000001a   Code   RO         2140    .text.mbed_assert_internal  BUILD/LPC1768/ARMC6/mbed-os/platform/source/mbed_assert.o
    0x0000199e   0x00000002   PAD
    0x000019a0   0x0000002c   Code   RO         2723    .text.mbed_copy_nvic  BUILD/LPC1768/ARMC6/mbed-os/platform/source/mbed_sdk_boot.o
    0x000019cc   0x00000006   Code   RO         2251    .text.mbed_die      BUILD/LPC1768/ARMC6/mbed-os/platform/source/mbed_board.o
    0x000019d2   0x00000002   PAD
    0x000019d4   0x00000036   Code   RO         2311    .text.mbed_error    BUILD/LPC1768/ARMC6/mbed-os/platform/source/mbed_error.o
    0x00001a0a   0x00000002   PAD
    0x00001a0c   0x00000002   Code   RO         2295    .text.mbed_error_hook  BUILD/LPC1768/ARMC6/mbed-os/platform/source/mbed_error.o
    0x00001a0e   0x00000002   PAD
    0x00001a10   0x00000004   Code   RO         2299    .text.mbed_error_initialize  BUILD/LPC1768/ARMC6/mbed-os/platform/source/mbed_error.o
    0x00001a14   0x00000014   Code   RO         2329    .text.mbed_error_is_hw_fault  BUILD/LPC1768/ARMC6/mbed-os/platform/source/mbed_error.o
    0x00001a28   0x00000020   Code   RO         2253    .text.mbed_error_printf  BUILD/LPC1768/ARMC6/mbed-os/platform/source/mbed_board.o
    0x00001a48   0x00000052   Code   RO         2257    .text.mbed_error_puts  BUILD/LPC1768/ARMC6/mbed-os/platform/source/mbed_board.o
    0x00001a9a   0x00000002   PAD
    0x00001a9c   0x00000034   Code   RO         2255    .text.mbed_error_vprintf  BUILD/LPC1768/ARMC6/mbed-os/platform/source/mbed_board.o
    0x00001ad0   0x000000f8   Code   RO         2100    .text.mbed_fault_handler  BUILD/LPC1768/ARMC6/mbed-os/platform/source/TARGET_CORTEX_M/mbed_fault_handler.o
    0x00001bc8   0x00000038   Code   RO         2293    .text.mbed_halt_system  BUILD/LPC1768/ARMC6/mbed-os/platform/source/mbed_error.o
    0x00001c00   0x0000000c   Code   RO         2725    .text.mbed_init     BUILD/LPC1768/ARMC6/mbed-os/platform/source/mbed_sdk_boot.o
    0x00001c0c   0x00000008   Code   RO         2347    .text.mbed_interface_connected  BUILD/LPC1768/ARMC6/mbed-os/platform/source/mbed_interface.o
    0x00001c14   0x00000026   Code   RO         2353    .text.mbed_interface_disconnect  BUILD/LPC1768/ARMC6/mbed-os/platform/source/mbed_interface.o
    0x00001c3a   0x00000002   PAD
    0x00001c3c   0x00000002   Code   RO         2717    .text.mbed_main     BUILD/LPC1768/ARMC6/mbed-os/platform/source/mbed_sdk_boot.o
    0x00001c3e   0x00000002   PAD
    0x00001c40   0x000003da   Code   RO         2972    .text.mbed_minimal_formatted_string  BUILD/LPC1768/ARMC6/mbed-os/platform/source/minimal-printf/mbed_printf_implementation.o
    0x0000201a   0x00000002   PAD
    0x0000201c   0x00000160   Code   RO         2976    .text.mbed_minimal_formatted_string_integer  BUILD/LPC1768/ARMC6/mbed-os/platform/source/minimal-printf/mbed_printf_implementation.o
    0x0000217c   0x0000003e   Code   RO         2980    .text.mbed_minimal_formatted_string_string  BUILD/LPC1768/ARMC6/mbed-os/platform/source/minimal-printf/mbed_printf_implementation.o
    0x000021ba   0x00000002   PAD
    0x000021bc   0x00000050   Code   RO         2982    .text.mbed_minimal_formatted_string_void_pointer  BUILD/LPC1768/ARMC6/mbed-os/platform/source/minimal-printf/mbed_printf_implementation.o
    0x0000220c   0x00000042   Code   RO         2978    .text.mbed_minimal_putchar  BUILD/LPC1768/ARMC6/mbed-os/platform/source/minimal-printf/mbed_printf_implementation.o
    0x0000224e   0x00000002   PAD
    0x00002250   0x00000002   Code   RO         2719    .text.mbed_sdk_init  BUILD/LPC1768/ARMC6/mbed-os/platform/source/mbed_sdk_boot.o
    0x00002252   0x00000002   PAD
    0x00002254   0x00000008   Code   RO         2729    .text.mbed_toolchain_init  BUILD/LPC1768/ARMC6/mbed-os/platform/source/mbed_sdk_boot.o
    0x0000225c   0x00000014   Code   RO         1462    .text.note_us_ticker_free  BUILD/LPC1768/ARMC6/mbed-os/hal/source/mbed_us_ticker_api.o
    0x00002270   0x00000014   Code   RO         1460    .text.note_us_ticker_init  BUILD/LPC1768/ARMC6/mbed-os/hal/source/mbed_us_ticker_api.o
    0x00002284   0x00000034   Code   RO         2974    .text.parse_string_to_integer  BUILD/LPC1768/ARMC6/mbed-os/platform/source/minimal-printf/mbed_printf_implementation.o
    0x000022b8   0x00000058   Code   RO         3981    .text.pin_function  BUILD/LPC1768/ARMC6/mbed-os/targets/TARGET_NXP/TARGET_LPC176X/pinmap.o
    0x00002310   0x00000082   Code   RO         3983    .text.pin_mode      BUILD/LPC1768/ARMC6/mbed-os/targets/TARGET_NXP/TARGET_LPC176X/pinmap.o
    0x00002392   0x00000002   PAD
    0x00002394   0x00000020   Code   RO         1361    .text.pinmap_find_peripheral  BUILD/LPC1768/ARMC6/mbed-os/hal/source/mbed_pinmap_common.o
    0x000023b4   0x00000048   Code   RO         1359    .text.pinmap_merge  BUILD/LPC1768/ARMC6/mbed-os/hal/source/mbed_pinmap_common.o
    0x000023fc   0x0000005c   Code   RO         1363    .text.pinmap_peripheral  BUILD/LPC1768/ARMC6/mbed-os/hal/source/mbed_pinmap_common.o
    0x00002458   0x00000064   Code   RO         1357    .text.pinmap_pinout  BUILD/LPC1768/ARMC6/mbed-os/hal/source/mbed_pinmap_common.o
    0x000024bc   0x00000164   Code   RO         2102    .text.print_context_info  BUILD/LPC1768/ARMC6/mbed-os/platform/source/TARGET_CORTEX_M/mbed_fault_handler.o
    0x00002620   0x000001ac   Code   RO         2291    .text.print_error_report  BUILD/LPC1768/ARMC6/mbed-os/platform/source/mbed_error.o
    0x000027cc   0x000000d0   Code   RO         1416    .text.schedule_interrupt  BUILD/LPC1768/ARMC6/mbed-os/hal/source/mbed_ticker_api.o
    0x0000289c   0x00000010   Code   RO         2776    .text.semihost_connected  BUILD/LPC1768/ARMC6/mbed-os/platform/source/mbed_semihost_api.o
    0x000028ac   0x0000000e   Code   RO         2778    .text.semihost_disabledebug  BUILD/LPC1768/ARMC6/mbed-os/platform/source/mbed_semihost_api.o
    0x000028ba   0x00000002   PAD
    0x000028bc   0x0000000c   Code   RO         2766    .text.semihost_exit  BUILD/LPC1768/ARMC6/mbed-os/platform/source/mbed_semihost_api.o
    0x000028c8   0x00000208   Code   RO         4088    .text.serial_baud   BUILD/LPC1768/ARMC6/mbed-os/targets/TARGET_NXP/TARGET_LPC176X/serial_api.o
    0x00002ad0   0x00000022   Code   RO         4128    .text.serial_flow_irq_set  BUILD/LPC1768/ARMC6/mbed-os/targets/TARGET_NXP/TARGET_LPC176X/serial_api.o
    0x00002af2   0x00000002   PAD
    0x00002af4   0x000000e8   Code   RO         4090    .text.serial_format  BUILD/LPC1768/ARMC6/mbed-os/targets/TARGET_NXP/TARGET_LPC176X/serial_api.o
    0x00002bdc   0x00000194   Code   RO         4086    .text.serial_init   BUILD/LPC1768/ARMC6/mbed-os/targets/TARGET_NXP/TARGET_LPC176X/serial_api.o
    0x00002d70   0x0000000e   Code   RO         1510    .text.serial_init_direct  BUILD/LPC1768/ARMC6/mbed-os/hal/source/static_pinmap.o
    0x00002d7e   0x00000002   PAD
    0x00002d80   0x000000e2   Code   RO         4110    .text.serial_irq_set_internal  BUILD/LPC1768/ARMC6/mbed-os/targets/TARGET_NXP/TARGET_LPC176X/serial_api.o
    0x00002e62   0x00000002   PAD
    0x00002e64   0x00000034   Code   RO         4116    .text.serial_putc   BUILD/LPC1768/ARMC6/mbed-os/targets/TARGET_NXP/TARGET_LPC176X/serial_api.o
    0x00002e98   0x0000010a   Code   RO         4092    .text.serial_set_flow_control  BUILD/LPC1768/ARMC6/mbed-os/targets/TARGET_NXP/TARGET_LPC176X/serial_api.o
    0x00002fa2   0x00000002   PAD
    0x00002fa4   0x00000056   Code   RO         4118    .text.serial_writable  BUILD/LPC1768/ARMC6/mbed-os/targets/TARGET_NXP/TARGET_LPC176X/serial_api.o
    0x00002ffa   0x00000002   PAD
    0x00002ffc   0x00000006   Code   RO         1410    .text.set_handler   BUILD/LPC1768/ARMC6/mbed-os/hal/source/mbed_ticker_api.o
    0x00003002   0x00000002   PAD
    0x00003004   0x00000058   Code   RO         2502    .text.sleep_manager_lock_deep_sleep_internal  BUILD/LPC1768/ARMC6/mbed-os/platform/source/mbed_power_mgmt.o
    0x0000305c   0x00000010   Code   RO         2510    .text.sleep_manager_sleep_auto  BUILD/LPC1768/ARMC6/mbed-os/platform/source/mbed_power_mgmt.o
    0x0000306c   0x00000058   Code   RO         2504    .text.sleep_manager_unlock_deep_sleep_internal  BUILD/LPC1768/ARMC6/mbed-os/platform/source/mbed_power_mgmt.o
    0x000030c4   0x0000000c   Code   RO         2809    .text.thread_sleep_for  BUILD/LPC1768/ARMC6/mbed-os/platform/source/mbed_thread.o
    0x000030d0   0x00000036   Code   RO         1424    .text.ticker_insert_event_us  BUILD/LPC1768/ARMC6/mbed-os/hal/source/mbed_ticker_api.o
    0x00003106   0x00000002   PAD
    0x00003108   0x0000006a   Code   RO         1412    .text.ticker_irq_handler  BUILD/LPC1768/ARMC6/mbed-os/hal/source/mbed_ticker_api.o
    0x00003172   0x00000002   PAD
    0x00003174   0x00000022   Code   RO         1430    .text.ticker_read_us  BUILD/LPC1768/ARMC6/mbed-os/hal/source/mbed_ticker_api.o
    0x00003196   0x00000002   PAD
    0x00003198   0x00000038   Code   RO         1426    .text.ticker_remove_event  BUILD/LPC1768/ARMC6/mbed-os/hal/source/mbed_ticker_api.o
    0x000031d0   0x0000001c   Code   RO         1406    .text.ticker_set_handler  BUILD/LPC1768/ARMC6/mbed-os/hal/source/mbed_ticker_api.o
    0x000031ec   0x00000018   Code   RO         4096    .text.uart0_irq     BUILD/LPC1768/ARMC6/mbed-os/targets/TARGET_NXP/TARGET_LPC176X/serial_api.o
    0x00003204   0x00000016   Code   RO         4100    .text.uart1_irq     BUILD/LPC1768/ARMC6/mbed-os/targets/TARGET_NXP/TARGET_LPC176X/serial_api.o
    0x0000321a   0x00000002   PAD
    0x0000321c   0x00000018   Code   RO         4102    .text.uart2_irq     BUILD/LPC1768/ARMC6/mbed-os/targets/TARGET_NXP/TARGET_LPC176X/serial_api.o
    0x00003234   0x00000018   Code   RO         4104    .text.uart3_irq     BUILD/LPC1768/ARMC6/mbed-os/targets/TARGET_NXP/TARGET_LPC176X/serial_api.o
    0x0000324c   0x0000007e   Code   RO         4098    .text.uart_irq      BUILD/LPC1768/ARMC6/mbed-os/targets/TARGET_NXP/TARGET_LPC176X/serial_api.o
    0x000032ca   0x00000002   PAD
    0x000032cc   0x00000088   Code   RO         1414    .text.update_present_time  BUILD/LPC1768/ARMC6/mbed-os/hal/source/mbed_ticker_api.o
    0x00003354   0x0000000e   Code   RO         4253    .text.us_ticker_clear_interrupt  BUILD/LPC1768/ARMC6/mbed-os/targets/TARGET_NXP/TARGET_LPC176X/us_ticker.o
    0x00003362   0x00000002   PAD
    0x00003364   0x00000012   Code   RO         4239    .text.us_ticker_disable_interrupt  BUILD/LPC1768/ARMC6/mbed-os/targets/TARGET_NXP/TARGET_LPC176X/us_ticker.o
    0x00003376   0x00000002   PAD
    0x00003378   0x00000008   Code   RO         4249    .text.us_ticker_fire_interrupt  BUILD/LPC1768/ARMC6/mbed-os/targets/TARGET_NXP/TARGET_LPC176X/us_ticker.o
    0x00003380   0x0000001e   Code   RO         4255    .text.us_ticker_free  BUILD/LPC1768/ARMC6/mbed-os/targets/TARGET_NXP/TARGET_LPC176X/us_ticker.o
    0x0000339e   0x00000002   PAD
    0x000033a0   0x0000000a   Code   RO         4235    .text.us_ticker_get_info  BUILD/LPC1768/ARMC6/mbed-os/targets/TARGET_NXP/TARGET_LPC176X/us_ticker.o
    0x000033aa   0x00000002   PAD
    0x000033ac   0x00000066   Code   RO         4237    .text.us_ticker_init  BUILD/LPC1768/ARMC6/mbed-os/targets/TARGET_NXP/TARGET_LPC176X/us_ticker.o
    0x00003412   0x00000002   PAD
    0x00003414   0x0000001e   Code   RO         1458    .text.us_ticker_irq_handler  BUILD/LPC1768/ARMC6/mbed-os/hal/source/mbed_us_ticker_api.o
    0x00003432   0x00000002   PAD
    0x00003434   0x0000000c   Code   RO         4245    .text.us_ticker_read  BUILD/LPC1768/ARMC6/mbed-os/targets/TARGET_NXP/TARGET_LPC176X/us_ticker.o
    0x00003440   0x00000014   Code   RO         4247    .text.us_ticker_set_interrupt  BUILD/LPC1768/ARMC6/mbed-os/targets/TARGET_NXP/TARGET_LPC176X/us_ticker.o
    0x00003454   0x0000003c   Code   RO         2545    .text.write         BUILD/LPC1768/ARMC6/mbed-os/platform/source/mbed_retarget.o
    0x00003490   0x00000008   Code   RO         4552    i.__aeabi_errno_addr  c:\Users\14065\AppData\Local\Mbed Studio\mbed-studio-tools\ac6\bin\..\lib\armlib\mc_w.l(errno.o)
    0x00003498   0x0000000e   Code   RO         4690    i.__scatterload_copy  c:\Users\14065\AppData\Local\Mbed Studio\mbed-studio-tools\ac6\bin\..\lib\armlib\mc_w.l(handlers.o)
    0x000034a6   0x00000002   Code   RO         4691    i.__scatterload_null  c:\Users\14065\AppData\Local\Mbed Studio\mbed-studio-tools\ac6\bin\..\lib\armlib\mc_w.l(handlers.o)
    0x000034a8   0x0000000e   Code   RO         4692    i.__scatterload_zeroinit  c:\Users\14065\AppData\Local\Mbed Studio\mbed-studio-tools\ac6\bin\..\lib\armlib\mc_w.l(handlers.o)
    0x000034b6   0x00000018   Code   RO         4481    i._fflush$full      c:\Users\14065\AppData\Local\Mbed Studio\mbed-studio-tools\ac6\bin\..\lib\armlib\mc_w.l(fflush_f.o)
    0x000034ce   0x00000002   PAD
    0x000034d0   0x00000000   Data   RO         2737    .rodata             BUILD/LPC1768/ARMC6/mbed-os/platform/source/mbed_sdk_boot.o
    0x000034d0   0x00000024   Data   RO         4152    .rodata.PinMap_UART_CTS  BUILD/LPC1768/ARMC6/mbed-os/targets/TARGET_NXP/TARGET_LPC176X/serial_api.o
    0x000034f4   0x00000024   Data   RO         4151    .rodata.PinMap_UART_RTS  BUILD/LPC1768/ARMC6/mbed-os/targets/TARGET_NXP/TARGET_LPC176X/serial_api.o
    0x00003518   0x0000006c   Data   RO         4146    .rodata.PinMap_UART_RX  BUILD/LPC1768/ARMC6/mbed-os/targets/TARGET_NXP/TARGET_LPC176X/serial_api.o
    0x00003584   0x0000006c   Data   RO         4145    .rodata.PinMap_UART_TX  BUILD/LPC1768/ARMC6/mbed-os/targets/TARGET_NXP/TARGET_LPC176X/serial_api.o
    0x000035f0   0x0000000c   Data   RO         1091    .rodata._ZTVN4mbed10TimerEventE  BUILD/LPC1768/ARMC6/mbed-os/drivers/source/TimerEvent.o
    0x000035fc   0x0000000c   Data   RO         2094    .rodata._ZTVN4mbed8internal8SysTimerINSt3__25ratioILx1ELx1000EEELb1EEE  BUILD/LPC1768/ARMC6/mbed-os/platform/source/SysTimer.o
    0x00003608   0x00000018   Data   RO         2656    .rodata._ZZL14do_serial_initvE14console_pinmap  BUILD/LPC1768/ARMC6/mbed-os/platform/source/mbed_retarget.o
    0x00003620   0x00000096   Data   RO           15    .rodata.str1.1      BUILD/LPC1768/ARMC6/main.o
    0x000036b6   0x0000004e   Data   RO         1944    .rodata.str1.1      BUILD/LPC1768/ARMC6/mbed-os/platform/source/SysTimer.o
    0x00003704   0x000000e0   Data   RO         2106    .rodata.str1.1      BUILD/LPC1768/ARMC6/mbed-os/platform/source/TARGET_CORTEX_M/mbed_fault_handler.o
    0x000037e4   0x000000ec   Data   RO         2337    .rodata.str1.1      BUILD/LPC1768/ARMC6/mbed-os/platform/source/mbed_error.o
    0x000038d0   0x000000b0   Data   RO         2651    .rodata.str1.1      BUILD/LPC1768/ARMC6/mbed-os/platform/source/mbed_retarget.o
    0x00003980   0x00000037   Data   RO         3879    .rodata.str1.1      BUILD/LPC1768/ARMC6/mbed-os/targets/TARGET_NXP/TARGET_LPC176X/gpio_api.o
    0x000039b7   0x00000035   Data   RO         3985    .rodata.str1.1      BUILD/LPC1768/ARMC6/mbed-os/targets/TARGET_NXP/TARGET_LPC176X/pinmap.o
    0x000039ec   0x000000bd   Data   RO         4147    .rodata.str1.1      BUILD/LPC1768/ARMC6/mbed-os/targets/TARGET_NXP/TARGET_LPC176X/serial_api.o
    0x00003aa9   0x00000003   PAD
    0x00003aac   0x00000008   Data   RO         1464    .rodata.us_data     BUILD/LPC1768/ARMC6/mbed-os/hal/source/mbed_us_ticker_api.o
    0x00003ab4   0x00000024   Data   RO         1467    .rodata.us_interface  BUILD/LPC1768/ARMC6/mbed-os/hal/source/mbed_us_ticker_api.o
    0x00003ad8   0x00000008   Data   RO         4259    .rodata.us_ticker_get_info.info  BUILD/LPC1768/ARMC6/mbed-os/targets/TARGET_NXP/TARGET_LPC176X/us_ticker.o
    0x00003ae0   0x00000020   Data   RO         4689    Region$$Table       anon$$obj.o
    0x00003b00   0x00000004   Data   RO           16    .init_array         BUILD/LPC1768/ARMC6/main.o
    0x00003b04   0x00000000   Data   RO         4566    .init_array         c:\Users\14065\AppData\Local\Mbed Studio\mbed-studio-tools\ac6\bin\..\lib\armlib\mc_w.l(cpp_init.o)


    Execution Region RW_IRAM1 (Base: 0x100000c8, Size: 0x000002c0, Max: 0x00007f18, ABSOLUTE)

    Base Addr    Size         Type   Attr      Idx    E Section Name        Object

    0x100000c8   0x00000004   Data   RW         4555    .data               c:\Users\14065\AppData\Local\Mbed Studio\mbed-studio-tools\ac6\bin\..\lib\armlib\mc_w.l(errno.o)
    0x100000cc   0x00000004   Data   RW         3863    .data.SystemCoreClock  BUILD/LPC1768/ARMC6/mbed-os/targets/TARGET_NXP/TARGET_LPC176X/device/system_LPC17xx.o
    0x100000d0   0x00000004   Data   RW         1465    .data.irq_handler   BUILD/LPC1768/ARMC6/mbed-os/hal/source/mbed_us_ticker_api.o
    0x100000d4   0x00000014   Zero   RW         4499    .bss                c:\Users\14065\AppData\Local\Mbed Studio\mbed-studio-tools\ac6\bin\..\lib\armlib\mc_w.l(stdout_f.o)
    0x100000e8   0x00000014   Zero   RW         4500    .bss                c:\Users\14065\AppData\Local\Mbed Studio\mbed-studio-tools\ac6\bin\..\lib\armlib\mc_w.l(stderr_f.o)
    0x100000fc   0x00000003   Zero   RW         2649    .bss._ZL14stdio_out_prev  BUILD/LPC1768/ARMC6/mbed-os/platform/source/mbed_retarget.o
    0x100000ff   0x00000001   PAD
    0x10000100   0x00000048   Zero   RW         2447    .bss._ZN4mbed8internal12_GLOBAL__N_113os_timer_dataE  BUILD/LPC1768/ARMC6/mbed-os/platform/source/mbed_os_timer.o
    0x10000148   0x00000004   Zero   RW         2446    .bss._ZN4mbed8internal8os_timerE  BUILD/LPC1768/ARMC6/mbed-os/platform/source/mbed_os_timer.o
    0x1000014c   0x00000004   Zero   RW         2655    .bss._ZZL19do_serial_init_oncevE4once  BUILD/LPC1768/ARMC6/mbed-os/platform/source/mbed_retarget.o
    0x10000150   0x00000001   Zero   RW         1466    .bss._us_ticker_initialized  BUILD/LPC1768/ARMC6/mbed-os/hal/source/mbed_us_ticker_api.o
    0x10000151   0x00000001   Zero   RW         1295    .bss.critical_interrupts_enabled  BUILD/LPC1768/ARMC6/mbed-os/hal/source/mbed_critical_section_api.o
    0x10000152   0x00000002   PAD
    0x10000154   0x00000004   Zero   RW         2278    .bss.critical_section_reentrancy_counter  BUILD/LPC1768/ARMC6/mbed-os/platform/source/mbed_critical.o
    0x10000158   0x00000002   Zero   RW         2512    .bss.deep_sleep_lock  BUILD/LPC1768/ARMC6/mbed-os/platform/source/mbed_power_mgmt.o
    0x1000015a   0x00000002   PAD
    0x1000015c   0x00000004   Zero   RW         2334    .bss.error_count    BUILD/LPC1768/ARMC6/mbed-os/platform/source/mbed_error.o
    0x10000160   0x00000004   Zero   RW         2335    .bss.error_hook     BUILD/LPC1768/ARMC6/mbed-os/platform/source/mbed_error.o
    0x10000164   0x00000004   PAD
    0x10000168   0x00000038   Zero   RW         1468    .bss.events         BUILD/LPC1768/ARMC6/mbed-os/hal/source/mbed_us_ticker_api.o
    0x100001a0   0x00000034   Zero   RW         2333    .bss.first_error_ctx  BUILD/LPC1768/ARMC6/mbed-os/platform/source/mbed_error.o
    0x100001d4   0x00000001   Zero   RW         2336    .bss.halt_in_progress  BUILD/LPC1768/ARMC6/mbed-os/platform/source/mbed_error.o
    0x100001d5   0x00000003   PAD
    0x100001d8   0x00000004   Zero   RW         4150    .bss.irq_handler    BUILD/LPC1768/ARMC6/mbed-os/targets/TARGET_NXP/TARGET_LPC176X/serial_api.o
    0x100001dc   0x00000034   Zero   RW         2332    .bss.last_error_ctx  BUILD/LPC1768/ARMC6/mbed-os/platform/source/mbed_error.o
    0x10000210   0x00000018   Zero   RW           14    .bss.led1           BUILD/LPC1768/ARMC6/main.o
    0x10000228   0x00000001   Zero   RW         2331    .bss.mbed_error_in_progress  BUILD/LPC1768/ARMC6/mbed-os/platform/source/mbed_error.o
    0x10000229   0x00000003   PAD
    0x1000022c   0x00000054   Zero   RW         2107    .bss.mbed_fault_context  BUILD/LPC1768/ARMC6/mbed-os/platform/source/TARGET_CORTEX_M/mbed_fault_handler.o
    0x10000280   0x00000004   Zero   RW         2646    .bss.mbed_heap_size  BUILD/LPC1768/ARMC6/mbed-os/platform/source/mbed_retarget.o
    0x10000284   0x00000004   Zero   RW         2645    .bss.mbed_heap_start  BUILD/LPC1768/ARMC6/mbed-os/platform/source/mbed_retarget.o
    0x10000288   0x00000004   Zero   RW         2736    .bss.mbed_stack_isr_size  BUILD/LPC1768/ARMC6/mbed-os/platform/source/mbed_sdk_boot.o
    0x1000028c   0x00000004   Zero   RW         2735    .bss.mbed_stack_isr_start  BUILD/LPC1768/ARMC6/mbed-os/platform/source/mbed_sdk_boot.o
    0x10000290   0x00000001   Zero   RW         1294    .bss.state_saved    BUILD/LPC1768/ARMC6/mbed-os/hal/source/mbed_critical_section_api.o
    0x10000291   0x00000007   PAD
    0x10000298   0x00000008   Zero   RW         4149    .bss.stdio_uart     BUILD/LPC1768/ARMC6/mbed-os/targets/TARGET_NXP/TARGET_LPC176X/serial_api.o
    0x100002a0   0x00000004   Zero   RW         4144    .bss.stdio_uart_inited  BUILD/LPC1768/ARMC6/mbed-os/targets/TARGET_NXP/TARGET_LPC176X/serial_api.o
    0x100002a4   0x000000e0   Zero   RW         4148    .bss.uart_data      BUILD/LPC1768/ARMC6/mbed-os/targets/TARGET_NXP/TARGET_LPC176X/serial_api.o
    0x10000384   0x00000001   Zero   RW         4260    .bss.us_ticker_inited  BUILD/LPC1768/ARMC6/mbed-os/targets/TARGET_NXP/TARGET_LPC176X/us_ticker.o


    Execution Region ARM_LIB_HEAP (Base: 0x10000390, Size: 0x00006c50, Max: 0x00006c50, ABSOLUTE)

    Base Addr    Size         Type   Attr      Idx    E Section Name        Object

    0x10000390   0x00006c50   Zero   RW            1    ARM_LIB_HEAP.bss    anon$$obj.o


    Execution Region ARM_LIB_STACK (Base: 0x10007000, Size: 0x00001000, Max: 0x00001000, ABSOLUTE)

    Base Addr    Size         Type   Attr      Idx    E Section Name        Object

    0x10007000   0x00001000   Zero   RW            2    ARM_LIB_STACK.bss   anon$$obj.o


    Execution Region RW_IRAM2 (Base: 0x2007c000, Size: 0x00000000, Max: 0x00004000, ABSOLUTE)

    **** No section assigned to this execution region ****


    Execution Region RW_IRAM3 (Base: 0x20080000, Size: 0x00000000, Max: 0x00004000, ABSOLUTE)

    **** No section assigned to this execution region ****


    Execution Region RW_IRAM4 (Base: 0x40038000, Size: 0x00000000, Max: 0x00000800, ABSOLUTE)

    **** No section assigned to this execution region ****


==============================================================================

Image component sizes


      Code (inc. data)   RO Data    RW Data    ZI Data      Debug   

     11888       1610       1788          8      32476     565589   Object Totals
         0          0         32          0      31824          0   (incl. Generated)
       162          0          3          0         25          0   (incl. Padding)
       864         72          0          4         40       1108   Library Totals
         6          0          0          0          0          0   (incl. Padding)

==============================================================================


      Code (inc. data)   RO Data    RW Data    ZI Data      Debug   

     12752       1682       1788         12      32516     565681   Grand Totals
     12752       1682       1788         12      32516     565681   ELF Image Totals
     12752       1682       1788         12          0          0   ROM Totals

==============================================================================

    Total RO  Size (Code + RO Data)                14540 (  14.20kB)
    Total RW  Size (RW Data + ZI Data)             32528 (  31.77kB)
    Total ROM Size (Code + RO Data + RW Data)      14552 (  14.21kB)

==============================================================================

